C:\Users\KDS-LTP-0415\Documents\MCUXpressoIDE_11.6.0_8187\workspace\LPC804_PotensioReading\drivers/fsl_clock.h:390:20:CLOCK_Select	16	static
C:\Users\KDS-LTP-0415\Documents\MCUXpressoIDE_11.6.0_8187\workspace\LPC804_PotensioReading\drivers/fsl_clock.h:422:20:CLOCK_SetCoreSysClkDiv	16	static
C:\Users\KDS-LTP-0415\Documents\MCUXpressoIDE_11.6.0_8187\workspace\LPC804_PotensioReading\drivers/fsl_power.h:152:20:POWER_DisablePD	16	static
../board/clock_config.c:36:6:BOARD_InitBootClocks	8	static
../board/clock_config.c:64:6:BOARD_BootClockFRO18M	8	static
../board/clock_config.c:104:6:BOARD_BootClockFRO24M	8	static
../board/clock_config.c:142:6:BOARD_BootClockFRO30M	8	static
