Archive member included to satisfy reference by file (symbol)

c:/nxp/mcuxpressoide_11.6.0_8187/ide/plugins/com.nxp.mcuxpresso.tools.win32_11.6.0.202112161359/tools/bin/../lib/gcc/arm-none-eabi/10.3.1/../../../../arm-none-eabi/lib/thumb/v6-m/nofp\libcr_nohost_nf.a(_cr__main.o)
                              ./startup/startup_lpc804.o (__main)
c:/nxp/mcuxpressoide_11.6.0_8187/ide/plugins/com.nxp.mcuxpresso.tools.win32_11.6.0.202112161359/tools/bin/../lib/gcc/arm-none-eabi/10.3.1/../../../../arm-none-eabi/lib/thumb/v6-m/nofp\libcr_c.a(memcpy.o)
                              ./utilities/fsl_debug_console.o (memcpy)
c:/nxp/mcuxpressoide_11.6.0_8187/ide/plugins/com.nxp.mcuxpresso.tools.win32_11.6.0.202112161359/tools/bin/../lib/gcc/arm-none-eabi/10.3.1/../../../../arm-none-eabi/lib/thumb/v6-m/nofp\libcr_c.a(memset.o)
                              ./drivers/fsl_usart.o (memset)
c:/nxp/mcuxpressoide_11.6.0_8187/ide/plugins/com.nxp.mcuxpresso.tools.win32_11.6.0.202112161359/tools/bin/../lib/gcc/arm-none-eabi/10.3.1/../../../../arm-none-eabi/lib/thumb/v6-m/nofp\libcr_c.a(alloc.o)
                              ./drivers/fsl_common.o (malloc)
c:/nxp/mcuxpressoide_11.6.0_8187/ide/plugins/com.nxp.mcuxpresso.tools.win32_11.6.0.202112161359/tools/bin/../lib/gcc/arm-none-eabi/10.3.1/../../../../arm-none-eabi/lib/thumb/v6-m/nofp\libcr_c.a(initio.o)
                              c:/nxp/mcuxpressoide_11.6.0_8187/ide/plugins/com.nxp.mcuxpresso.tools.win32_11.6.0.202112161359/tools/bin/../lib/gcc/arm-none-eabi/10.3.1/../../../../arm-none-eabi/lib/thumb/v6-m/nofp\libcr_nohost_nf.a(_cr__main.o) (_initio)
c:/nxp/mcuxpressoide_11.6.0_8187/ide/plugins/com.nxp.mcuxpresso.tools.win32_11.6.0.202112161359/tools/bin/../lib/gcc/arm-none-eabi/10.3.1/../../../../arm-none-eabi/lib/thumb/v6-m/nofp\libcr_c.a(setvbuf.o)
                              c:/nxp/mcuxpressoide_11.6.0_8187/ide/plugins/com.nxp.mcuxpresso.tools.win32_11.6.0.202112161359/tools/bin/../lib/gcc/arm-none-eabi/10.3.1/../../../../arm-none-eabi/lib/thumb/v6-m/nofp\libcr_c.a(initio.o) (setvbuf)
c:/nxp/mcuxpressoide_11.6.0_8187/ide/plugins/com.nxp.mcuxpresso.tools.win32_11.6.0.202112161359/tools/bin/../lib/gcc/arm-none-eabi/10.3.1/../../../../arm-none-eabi/lib/thumb/v6-m/nofp\libcr_c.a(strlen.o)
                              ./utilities/fsl_debug_console.o (strlen)
c:/nxp/mcuxpressoide_11.6.0_8187/ide/plugins/com.nxp.mcuxpresso.tools.win32_11.6.0.202112161359/tools/bin/../lib/gcc/arm-none-eabi/10.3.1/../../../../arm-none-eabi/lib/thumb/v6-m/nofp\libcr_c.a(__init_alloc.o)
                              c:/nxp/mcuxpressoide_11.6.0_8187/ide/plugins/com.nxp.mcuxpresso.tools.win32_11.6.0.202112161359/tools/bin/../lib/gcc/arm-none-eabi/10.3.1/../../../../arm-none-eabi/lib/thumb/v6-m/nofp\libcr_c.a(alloc.o) (__heaps)
c:/nxp/mcuxpressoide_11.6.0_8187/ide/plugins/com.nxp.mcuxpresso.tools.win32_11.6.0.202112161359/tools/bin/../lib/gcc/arm-none-eabi/10.3.1/../../../../arm-none-eabi/lib/thumb/v6-m/nofp\libcr_c.a(_cr_sbrk.o)
                              c:/nxp/mcuxpressoide_11.6.0_8187/ide/plugins/com.nxp.mcuxpresso.tools.win32_11.6.0.202112161359/tools/bin/../lib/gcc/arm-none-eabi/10.3.1/../../../../arm-none-eabi/lib/thumb/v6-m/nofp\libcr_c.a(alloc.o) (_sbrk)
c:/nxp/mcuxpressoide_11.6.0_8187/ide/plugins/com.nxp.mcuxpresso.tools.win32_11.6.0.202112161359/tools/bin/../lib/gcc/arm-none-eabi/10.3.1/../../../../arm-none-eabi/lib/thumb/v6-m/nofp\libcr_c.a(_fdopen.o)
                              c:/nxp/mcuxpressoide_11.6.0_8187/ide/plugins/com.nxp.mcuxpresso.tools.win32_11.6.0.202112161359/tools/bin/../lib/gcc/arm-none-eabi/10.3.1/../../../../arm-none-eabi/lib/thumb/v6-m/nofp\libcr_c.a(initio.o) (_fdopen)
c:/nxp/mcuxpressoide_11.6.0_8187/ide/plugins/com.nxp.mcuxpresso.tools.win32_11.6.0.202112161359/tools/bin/../lib/gcc/arm-none-eabi/10.3.1/../../../../arm-none-eabi/lib/thumb/v6-m/nofp\libcr_c.a(errno.o)
                              c:/nxp/mcuxpressoide_11.6.0_8187/ide/plugins/com.nxp.mcuxpresso.tools.win32_11.6.0.202112161359/tools/bin/../lib/gcc/arm-none-eabi/10.3.1/../../../../arm-none-eabi/lib/thumb/v6-m/nofp\libcr_c.a(_cr_sbrk.o) (errno)
c:/nxp/mcuxpressoide_11.6.0_8187/ide/plugins/com.nxp.mcuxpresso.tools.win32_11.6.0.202112161359/tools/bin/../lib/gcc/arm-none-eabi/10.3.1/../../../../arm-none-eabi/lib/thumb/v6-m/nofp\libcr_c.a(fclose.o)
                              c:/nxp/mcuxpressoide_11.6.0_8187/ide/plugins/com.nxp.mcuxpresso.tools.win32_11.6.0.202112161359/tools/bin/../lib/gcc/arm-none-eabi/10.3.1/../../../../arm-none-eabi/lib/thumb/v6-m/nofp\libcr_c.a(initio.o) (fclose)
c:/nxp/mcuxpressoide_11.6.0_8187/ide/plugins/com.nxp.mcuxpresso.tools.win32_11.6.0.202112161359/tools/bin/../lib/gcc/arm-none-eabi/10.3.1/../../../../arm-none-eabi/lib/thumb/v6-m/nofp\libcr_c.a(fflush.o)
[...]
Memory Configuration

Name             Origin             Length             Attributes
PROGRAM_FLASH    0x00000000         0x00007f80         xr
BOOT_FLASH       0x00007f80         0x00000080         xr
SRAM             0x10000000         0x00000fe0         xrw
IAP_SRAM         0x10000fe0         0x00000020         xrw
*default*        0x00000000         0xffffffff

Linker script and memory map

LOAD ./utilities/fsl_assert.o
LOAD ./utilities/fsl_debug_console.o
LOAD ./startup/startup_lpc804.o
LOAD ./source/LPC804_PT6964.o
LOAD ./source/semihost_hardfault.o
LOAD ./drivers/fsl_clock.o
LOAD ./drivers/fsl_common.o
LOAD ./drivers/fsl_common_arm.o
LOAD ./drivers/fsl_gpio.o
LOAD ./drivers/fsl_power.o
LOAD ./drivers/fsl_reset.o
LOAD ./drivers/fsl_swm.o
LOAD ./drivers/fsl_usart.o
LOAD ./device/system_LPC804.o
LOAD ./component/uart/fsl_adapter_miniusart.o
LOAD ./board/PT6964.o
LOAD ./board/board.o
LOAD ./board/clock_config.o
LOAD ./board/peripherals.o
LOAD ./board/pin_mux.o
START GROUP
LOAD c:/nxp/mcuxpressoide_11.6.0_8187/ide/plugins/com.nxp.mcuxpresso.tools.win32_11.6.0.202112161359/tools/bin/../lib/gcc/arm-none-eabi/10.3.1/../../../../arm-none-eabi/lib/thumb/v6-m/nofp\libcr_nohost_nf.a
LOAD c:/nxp/mcuxpressoide_11.6.0_8187/ide/plugins/com.nxp.mcuxpresso.tools.win32_11.6.0.202112161359/tools/bin/../lib/gcc/arm-none-eabi/10.3.1/../../../../arm-none-eabi/lib/thumb/v6-m/nofp\libcr_c.a
LOAD c:/nxp/mcuxpressoide_11.6.0_8187/ide/plugins/com.nxp.mcuxpresso.tools.win32_11.6.0.202112161359/tools/bin/../lib/gcc/arm-none-eabi/10.3.1/thumb/v6-m/nofp\libcr_eabihelpers.a
LOAD c:/nxp/mcuxpressoide_11.6.0_8187/ide/plugins/com.nxp.mcuxpresso.tools.win32_11.6.0.202112161359/tools/bin/../lib/gcc/arm-none-eabi/10.3.1/thumb/v6-m/nofp\libgcc.a
END GROUP
                0x00000000                __base_PROGRAM_FLASH = 0x0
                0x00000000                __base_Flash = 0x0
                0x00007f80                __top_PROGRAM_FLASH = 0x7f80
                0x00007f80                __top_Flash = 0x7f80
                0x00007f80                __base_BOOT_FLASH = 0x7f80
                0x00007f80                __base_Flash2 = 0x7f80
                0x00008000                __top_BOOT_FLASH = 0x8000
                0x00008000                __top_Flash2 = 0x8000
                0x10000000                __base_SRAM = 0x10000000
                0x10000000                __base_RAM = 0x10000000
                0x10000fe0                __top_SRAM = 0x10000fe0
                0x10000fe0                __top_RAM = 0x10000fe0
                0x10000fe0                __base_IAP_SRAM = 0x10000fe0
                0x10000fe0                __base_RAM2 = 0x10000fe0
                0x10001000                __top_IAP_SRAM = 0x10001000
                0x10001000                __top_RAM2 = 0x10001000

.text_Flash2    0x00007f80        0x0
 FILL mask 0xff
 *(SORT_BY_ALIGNMENT(.text_Flash2))
 *(SORT_BY_ALIGNMENT(.text_BOOT_FLASH))
 *(SORT_BY_ALIGNMENT(.text.$Flash2))
 *(SORT_BY_ALIGNMENT(.text.$BOOT_FLASH))
 *(SORT_BY_ALIGNMENT(.text_Flash2.*))
 *(SORT_BY_ALIGNMENT(.text_BOOT_FLASH.*))
 *(SORT_BY_ALIGNMENT(.text.$Flash2.*))
 *(SORT_BY_ALIGNMENT(.text.$BOOT_FLASH.*))
 *(SORT_BY_ALIGNMENT(.rodata.$Flash2))
 *(SORT_BY_ALIGNMENT(.rodata.$BOOT_FLASH))
 *(SORT_BY_ALIGNMENT(.rodata.$Flash2.*))
 *(SORT_BY_ALIGNMENT(.rodata.$BOOT_FLASH.*))

.text           0x00000000     0x2aec
 FILL mask 0xff
                0x00000000                __vectors_start__ = ABSOLUTE (.)
 *(SORT_BY_ALIGNMENT(.isr_vector))
 .isr_vector    0x00000000       0xc0 ./startup/startup_lpc804.o
                0x00000000                g_pfnVectors
                0x00000000                __Vectors
                0x000000c0                . = ALIGN (0x4)
                0x000000c0                __section_table_start = .
                0x000000c0                __data_section_table = .
                0x000000c0        0x4 LONG 0x2aec LOADADDR (.data)
                0x000000c4        0x4 LONG 0x10000000 ADDR (.data)
                0x000000c8        0x4 LONG 0x8 SIZEOF (.data)
                0x000000cc        0x4 LONG 0x2aec LOADADDR (.data_RAM2)
                0x000000d0        0x4 LONG 0x10000fe0 ADDR (.data_RAM2)
                0x000000d4        0x4 LONG 0x0 SIZEOF (.data_RAM2)
                0x000000d8                __data_section_table_end = .
                0x000000d8                __bss_section_table = .
                0x000000d8        0x4 LONG 0x10000008 ADDR (.bss)
                0x000000dc        0x4 LONG 0xe4 SIZEOF (.bss)
                0x000000e0        0x4 LONG 0x10000fe0 ADDR (.bss_RAM2)
                0x000000e4        0x4 LONG 0x0 SIZEOF (.bss_RAM2)
                0x000000e8                __bss_section_table_end = .
                0x000000e8                __section_table_end = .
 *(SORT_BY_ALIGNMENT(.after_vectors*))
 .after_vectors.reset
                0x000000e8       0x54 ./startup/startup_lpc804.o
                0x000000e8                ResetISR
 .after_vectors.init_data
                0x0000013c       0x12 ./startup/startup_lpc804.o
                0x0000013c                data_init
 .after_vectors.init_bss
                0x0000014e       0x10 ./startup/startup_lpc804.o
                0x0000014e                bss_init
 .after_vectors
                0x0000015e      0x10c ./startup/startup_lpc804.o
                0x0000015e                NMI_Handler
                0x00000162                SVC_Handler
                0x00000164                PendSV_Handler
                0x00000168                Reserved37_DriverIRQHandler
                0x00000168                Reserved21_DriverIRQHandler
                0x00000168                SPI0_DriverIRQHandler
                0x00000168                ADC_SEQA_DriverIRQHandler
                0x00000168                I2C1_DriverIRQHandler
                0x00000168                PIN_INT3_DriverIRQHandler
                0x00000168                PIN_INT2_DriverIRQHandler
                0x00000168                BOD_DriverIRQHandler
                0x00000168                ADC_OVR_DriverIRQHandler
                0x00000168                Reserved36_DriverIRQHandler
                0x00000168                ADC_SEQB_DriverIRQHandler
                0x00000168                PIN_INT0_DriverIRQHandler
                0x00000168                Reserved17_DriverIRQHandler
                0x00000168                Reserved25_DriverIRQHandler
                0x00000168                IntDefaultHandler
                0x00000168                PIN_INT1_DriverIRQHandler
                0x00000168                WDT_DriverIRQHandler
                0x00000168                WKT_DriverIRQHandler
                0x00000168                DAC0_DriverIRQHandler
                0x00000168                MRT0_DriverIRQHandler
                0x00000168                PIN_INT4_DriverIRQHandler
                0x00000168                PIN_INT5_DriverIRQHandler
                0x00000168                PIN_INT6_DriverIRQHandler
                0x00000168                CMP_CAPT_DriverIRQHandler
                0x00000168                CTIMER0_DriverIRQHandler
                0x00000168                PIN_INT7_DriverIRQHandler
                0x00000168                ADC_THCMP_DriverIRQHandler
                0x00000168                Reserved38_DriverIRQHandler
                0x00000168                FLASH_DriverIRQHandler
                0x00000168                Reserved22_DriverIRQHandler
                0x00000168                I2C0_DriverIRQHandler
                0x0000016a                SPI0_IRQHandler
                0x00000172                Reserved17_IRQHandler
                0x0000017a                DAC0_IRQHandler
                0x00000182                USART0_IRQHandler
                0x0000018a                USART1_IRQHandler
                0x00000192                Reserved21_IRQHandler
                0x0000019a                Reserved22_IRQHandler
                0x000001a2                I2C1_IRQHandler
                0x000001aa                I2C0_IRQHandler
                0x000001b2                Reserved25_IRQHandler
                0x000001ba                MRT0_IRQHandler
                0x000001c2                CMP_CAPT_IRQHandler
                0x000001ca                WDT_IRQHandler
                0x000001d2                BOD_IRQHandler
                0x000001da                FLASH_IRQHandler
                0x000001e2                WKT_IRQHandler
                0x000001ea                ADC_SEQA_IRQHandler
                0x000001f2                ADC_SEQB_IRQHandler
                0x000001fa                ADC_THCMP_IRQHandler
                0x00000202                ADC_OVR_IRQHandler
                0x0000020a                Reserved36_IRQHandler
                0x00000212                Reserved37_IRQHandler
                0x0000021a                Reserved38_IRQHandler
                0x00000222                CTIMER0_IRQHandler
                0x0000022a                PIN_INT0_IRQHandler
                0x00000232                PIN_INT1_IRQHandler
                0x0000023a                PIN_INT2_IRQHandler
                0x00000242                PIN_INT3_IRQHandler
                0x0000024a                PIN_INT4_IRQHandler
                0x00000252                PIN_INT5_IRQHandler
                0x0000025a                PIN_INT6_IRQHandler
                0x00000262                PIN_INT7_IRQHandler
                0x000002fc                . = 0x2fc
 *fill*         0x0000026a       0x92 ff
                0x000002fc                PROVIDE (__CRP_WORD_START__ = .)
 *(SORT_BY_ALIGNMENT(.crp))
 .crp           0x000002fc        0x4 ./startup/startup_lpc804.o
                0x000002fc                CRP_WORD
                0x00000300                PROVIDE (__CRP_WORD_END__ = .)
                0x00000001                ASSERT (! ((__CRP_WORD_START__ == __CRP_WORD_END__)), Linker CRP Enabled, but no CRP_WORD provided within application)
 *(SORT_BY_ALIGNMENT(.text*))
 .text.__assertion_failed
                0x00000300       0x1c ./utilities/fsl_assert.o
                0x00000300                __assertion_failed
 .text.DbgConsole_Init
                0x0000031c       0x9c ./utilities/fsl_debug_console.o
                0x0000031c                DbgConsole_Init
 .text.DbgConsole_Vprintf
                0x000003b8       0x40 ./utilities/fsl_debug_console.o
                0x000003b8                DbgConsole_Vprintf
 .text.DbgConsole_Putchar
                0x000003f8       0x30 ./utilities/fsl_debug_console.o
                0x000003f8                DbgConsole_Putchar
 .text.__NVIC_SetPriority
                0x00000428       0xdc ./source/LPC804_PT6964.o
 .text.SysTick_Config
                0x00000504       0x48 ./source/LPC804_PT6964.o
 .text.main     0x0000054c       0x9c ./source/LPC804_PT6964.o
                0x0000054c                main
 .text.HardFault_Handler
                0x000005e8       0x30 ./source/semihost_hardfault.o
                0x000005e8                HardFault_Handler
 .text.CLOCK_GetLPOscFreq
                0x00000618       0x14 ./drivers/fsl_clock.o
 .text.CLOCK_GetExtClkFreq
                0x0000062c       0x14 ./drivers/fsl_clock.o
 .text.CLOCK_SetFRGClkFreq
                0x00000640       0xa0 ./drivers/fsl_clock.o
 .text.CLOCK_UpdateClkSrc
                0x000006e0       0x4c ./drivers/fsl_clock.o
 .text.CLOCK_SetFRG0ClkFreq
                0x0000072c       0x24 ./drivers/fsl_clock.o
                0x0000072c                CLOCK_SetFRG0ClkFreq
 .text.CLOCK_GetMainClkFreq
                0x00000750       0x68 ./drivers/fsl_clock.o
                0x00000750                CLOCK_GetMainClkFreq
 .text.CLOCK_GetFroFreq
                0x000007b8       0x14 ./drivers/fsl_clock.o
                0x000007b8                CLOCK_GetFroFreq
 .text.CLOCK_SetMainClkSrc
                0x000007cc       0x4c ./drivers/fsl_clock.o
                0x000007cc                CLOCK_SetMainClkSrc
 .text.CLOCK_SetFroOscFreq
                0x00000818       0x44 ./drivers/fsl_clock.o
                0x00000818                CLOCK_SetFroOscFreq
 .text.CLOCK_EnableClock
                0x0000085c       0x54 ./drivers/fsl_gpio.o
 .text.GPIO_EnablePortClock
                0x000008b0       0x2c ./drivers/fsl_gpio.o
 .text.RESET_SetPeripheralReset
                0x000008dc       0x70 ./drivers/fsl_reset.o
 .text.RESET_ClearPeripheralReset
                0x0000094c       0x6c ./drivers/fsl_reset.o
 .text.SWM_SetMovablePinSelect
                0x000009b8       0x98 ./drivers/fsl_swm.o
                0x000009b8                SWM_SetMovablePinSelect
 .text.CLOCK_EnableClock
                0x00000a50       0x54 ./drivers/fsl_usart.o
 .text.USART_EnableContinuousSCLK
                0x00000aa4       0x40 ./drivers/fsl_usart.o
 .text.USART_GetInstance
                0x00000ae4       0x4c ./drivers/fsl_usart.o
                0x00000ae4                USART_GetInstance
 .text.USART_Init
                0x00000b30      0x12c ./drivers/fsl_usart.o
                0x00000b30                USART_Init
 .text.USART_GetDefaultConfig
                0x00000c5c       0x74 ./drivers/fsl_usart.o
                0x00000c5c                USART_GetDefaultConfig
 .text.USART_SetBaudRate
                0x00000cd0      0x148 ./drivers/fsl_usart.o
                0x00000cd0                USART_SetBaudRate
 .text.USART_WriteBlocking
                0x00000e18       0x64 ./drivers/fsl_usart.o
                0x00000e18                USART_WriteBlocking
 .text.USART_ReadBlocking
                0x00000e7c       0xc0 ./drivers/fsl_usart.o
                0x00000e7c                USART_ReadBlocking
 .text.USART0_DriverIRQHandler
                0x00000f3c       0x24 ./drivers/fsl_usart.o
                0x00000f3c                USART0_DriverIRQHandler
 .text.USART1_DriverIRQHandler
                0x00000f60       0x24 ./drivers/fsl_usart.o
                0x00000f60                USART1_DriverIRQHandler
 .text.SystemInit
                0x00000f84       0x2c ./device/system_LPC804.o
                0x00000f84                SystemInit
 .text.HAL_UartGetStatus
                0x00000fb0       0x20 ./component/uart/fsl_adapter_miniusart.o
 .text.HAL_UartInit
                0x00000fd0      0x11c ./component/uart/fsl_adapter_miniusart.o
                0x00000fd0                HAL_UartInit
 .text.HAL_UartReceiveBlocking
                0x000010ec       0x78 ./component/uart/fsl_adapter_miniusart.o
                0x000010ec                HAL_UartReceiveBlocking
 .text.HAL_UartSendBlocking
                0x00001164       0x6c ./component/uart/fsl_adapter_miniusart.o
                0x00001164                HAL_UartSendBlocking
 .text.SysTick_Handler
                0x000011d0       0x20 ./board/PT6964.o
                0x000011d0                SysTick_Handler
 .text.SysTick_DelayTicks
                0x000011f0       0x28 ./board/PT6964.o
                0x000011f0                SysTick_DelayTicks
 .text.convertNumber
                0x00001218       0x94 ./board/PT6964.o
                0x00001218                convertNumber
 .text.displayNilai
                0x000012ac       0xa8 ./board/PT6964.o
                0x000012ac                displayNilai
 .text.CLOCK_Select
                0x00001354       0x38 ./board/board.o
 .text.BOARD_InitDebugConsole
                0x0000138c       0x4c ./board/board.o
                0x0000138c                BOARD_InitDebugConsole
 .text.CLOCK_Select
                0x000013d8       0x38 ./board/clock_config.o
 .text.CLOCK_SetCoreSysClkDiv
                0x00001410       0x3c ./board/clock_config.o
 .text.POWER_DisablePD
                0x0000144c       0x2c ./board/clock_config.o
 .text.BOARD_BootClockFRO18M
                0x00001478       0x68 ./board/clock_config.o
                0x00001478                BOARD_BootClockFRO18M
 .text.CLOCK_EnableClock
                0x000014e0       0x54 ./board/pin_mux.o
 .text.CLOCK_DisableClock
                0x00001534       0x58 ./board/pin_mux.o
 .text.BOARD_InitDEBUG_UARTPins
                0x0000158c       0x60 ./board/pin_mux.o
                0x0000158c                BOARD_InitDEBUG_UARTPins
 .text._initio  0x000015ec       0x7c c:/nxp/mcuxpressoide_11.6.0_8187/ide/plugins/com.nxp.mcuxpresso.tools.win32_11.6.0.202112161359/tools/bin/../lib/gcc/arm-none-eabi/10.3.1/../../../../arm-none-eabi/lib/thumb/v6-m/nofp\libcr_c.a(initio.o)
                0x000015ec                _initio
 .text.setvbuf  0x00001668       0x4c c:/nxp/mcuxpressoide_11.6.0_8187/ide/plugins/com.nxp.mcuxpresso.tools.win32_11.6.0.202112161359/tools/bin/../lib/gcc/arm-none-eabi/10.3.1/../../../../arm-none-eabi/lib/thumb/v6-m/nofp\libcr_c.a(setvbuf.o)
                0x00001668                setvbuf
 .text.strlen   0x000016b4       0x58 c:/nxp/mcuxpressoide_11.6.0_8187/ide/plugins/com.nxp.mcuxpresso.tools.win32_11.6.0.202112161359/tools/bin/../lib/gcc/arm-none-eabi/10.3.1/../../../../arm-none-eabi/lib/thumb/v6-m/nofp\libcr_c.a(strlen.o)
                0x000016b4                strlen
 .text._fdopen  0x0000170c       0x74 c:/nxp/mcuxpressoide_11.6.0_8187/ide/plugins/com.nxp.mcuxpresso.tools.win32_11.6.0.202112161359/tools/bin/../lib/gcc/arm-none-eabi/10.3.1/../../../../arm-none-eabi/lib/thumb/v6-m/nofp\libcr_c.a(_fdopen.o)
                0x0000170c                _fdopen
 .text.fclose   0x00001780       0x5c c:/nxp/mcuxpressoide_11.6.0_8187/ide/plugins/com.nxp.mcuxpresso.tools.win32_11.6.0.202112161359/tools/bin/../lib/gcc/arm-none-eabi/10.3.1/../../../../arm-none-eabi/lib/thumb/v6-m/nofp\libcr_c.a(fclose.o)
                0x00001780                fclose
 .text.fflush   0x000017dc       0x44 c:/nxp/mcuxpressoide_11.6.0_8187/ide/plugins/com.nxp.mcuxpresso.tools.win32_11.6.0.202112161359/tools/bin/../lib/gcc/arm-none-eabi/10.3.1/../../../../arm-none-eabi/lib/thumb/v6-m/nofp\libcr_c.a(fflush.o)
                0x000017dc                fflush
 .text.fseek    0x00001820       0xf0 c:/nxp/mcuxpressoide_11.6.0_8187/ide/plugins/com.nxp.mcuxpresso.tools.win32_11.6.0.202112161359/tools/bin/../lib/gcc/arm-none-eabi/10.3.1/../../../../arm-none-eabi/lib/thumb/v6-m/nofp\libcr_c.a(fseek.o)
                0x00001820                fseek
 .text.ftell    0x00001910       0x48 c:/nxp/mcuxpressoide_11.6.0_8187/ide/plugins/com.nxp.mcuxpresso.tools.win32_11.6.0.202112161359/tools/bin/../lib/gcc/arm-none-eabi/10.3.1/../../../../arm-none-eabi/lib/thumb/v6-m/nofp\libcr_c.a(ftell.o)
                0x00001910                ftell
 .text._do_fflush
                0x00001958       0x48 c:/nxp/mcuxpressoide_11.6.0_8187/ide/plugins/com.nxp.mcuxpresso.tools.win32_11.6.0.202112161359/tools/bin/../lib/gcc/arm-none-eabi/10.3.1/../../../../arm-none-eabi/lib/thumb/v6-m/nofp\libcr_c.a(_do_fflush.o)
                0x00001958                _do_fflush
 .text._fflush  0x000019a0       0x60 c:/nxp/mcuxpressoide_11.6.0_8187/ide/plugins/com.nxp.mcuxpresso.tools.win32_11.6.0.202112161359/tools/bin/../lib/gcc/arm-none-eabi/10.3.1/../../../../arm-none-eabi/lib/thumb/v6-m/nofp\libcr_c.a(_fflush.o)
                0x000019a0                _fflush
 .text._Cwritebuf
                0x00001a00       0x68 c:/nxp/mcuxpressoide_11.6.0_8187/ide/plugins/com.nxp.mcuxpresso.tools.win32_11.6.0.202112161359/tools/bin/../lib/gcc/arm-none-eabi/10.3.1/../../../../arm-none-eabi/lib/thumb/v6-m/nofp\libcr_c.a(_writebuf.o)
                0x00001a00                _Cwritebuf
 .text._deferredlazyseek
                0x00001a68       0x40 c:/nxp/mcuxpressoide_11.6.0_8187/ide/plugins/com.nxp.mcuxpresso.tools.win32_11.6.0.202112161359/tools/bin/../lib/gcc/arm-none-eabi/10.3.1/../../../../arm-none-eabi/lib/thumb/v6-m/nofp\libcr_c.a(_deferredlazyseek.o)
                0x00001a68                _deferredlazyseek
 .text.DbgConsole_Printf
                0x00001aa8       0x32 ./utilities/fsl_debug_console.o
                0x00001aa8                DbgConsole_Printf
 .text.DbgConsole_PrintfPaddingCharacter
                0x00001ada       0x48 ./utilities/fsl_debug_console.o
 .text.DbgConsole_ConvertRadixNumToString
                0x00001b22       0xc2 ./utilities/fsl_debug_console.o
 .text.DbgConsole_PrintfFormattedData
                0x00001be4      0x3da ./utilities/fsl_debug_console.o
 .text.CLOCK_GetFRGInputClkFreq
                0x00001fbe       0x42 ./drivers/fsl_clock.o
 .text.GPIO_PinInit
                0x00002000       0xc0 ./drivers/fsl_gpio.o
                0x00002000                GPIO_PinInit
 .text.RESET_PeripheralReset
                0x000020c0       0x20 ./drivers/fsl_reset.o
                0x000020c0                RESET_PeripheralReset
 .text.USART_EnableTx
                0x000020e0       0x46 ./drivers/fsl_usart.o
 .text.USART_EnableRx
                0x00002126       0x44 ./drivers/fsl_usart.o
 .text.SystemInitHook
                0x0000216a        0xa ./device/system_LPC804.o
                0x0000216a                SystemInitHook
 .text.GPIO_PinWrite
                0x00002174       0x30 ./board/PT6964.o
 .text.writeByte
                0x000021a4       0x64 ./board/PT6964.o
                0x000021a4                writeByte
 .text.writeCommand
                0x00002208       0x3a ./board/PT6964.o
                0x00002208                writeCommand
 .text.writeData
                0x00002242       0x32 ./board/PT6964.o
                0x00002242                writeData
 .text.turnOn   0x00002274       0x2e ./board/PT6964.o
                0x00002274                turnOn
 .text.brightnessSetting
                0x000022a2       0x3c ./board/PT6964.o
                0x000022a2                brightnessSetting
 .text.BOARD_InitBootClocks
                0x000022de        0xe ./board/clock_config.o
                0x000022de                BOARD_InitBootClocks
 .text.BOARD_InitPeripherals
                0x000022ec        0xa ./board/peripherals.o
                0x000022ec                BOARD_InitPeripherals
 .text.BOARD_InitBootPeripherals
                0x000022f6        0xe ./board/peripherals.o
                0x000022f6                BOARD_InitBootPeripherals
 .text.IOCON_PinMuxSet
                0x00002304       0x26 ./board/pin_mux.o
 .text.BOARD_InitBootPins
                0x0000232a       0x12 ./board/pin_mux.o
                0x0000232a                BOARD_InitBootPins
 .text.BOARD_InitPins
                0x0000233c       0x66 ./board/pin_mux.o
                0x0000233c                BOARD_InitPins
 .text.__main   0x000023a2        0xc c:/nxp/mcuxpressoide_11.6.0_8187/ide/plugins/com.nxp.mcuxpresso.tools.win32_11.6.0.202112161359/tools/bin/../lib/gcc/arm-none-eabi/10.3.1/../../../../arm-none-eabi/lib/thumb/v6-m/nofp\libcr_nohost_nf.a(_cr__main.o)
                0x000023a2                __main
 .text.memcpy   0x000023ae        0x8 c:/nxp/mcuxpressoide_11.6.0_8187/ide/plugins/com.nxp.mcuxpresso.tools.win32_11.6.0.202112161359/tools/bin/../lib/gcc/arm-none-eabi/10.3.1/../../../../arm-none-eabi/lib/thumb/v6-m/nofp\libcr_c.a(memcpy.o)
                0x000023ae                memcpy
 .text.memset   0x000023b6        0x8 c:/nxp/mcuxpressoide_11.6.0_8187/ide/plugins/com.nxp.mcuxpresso.tools.win32_11.6.0.202112161359/tools/bin/../lib/gcc/arm-none-eabi/10.3.1/../../../../arm-none-eabi/lib/thumb/v6-m/nofp\libcr_c.a(memset.o)
                0x000023b6                memset
 .text.free     0x000023be       0x2c c:/nxp/mcuxpressoide_11.6.0_8187/ide/plugins/com.nxp.mcuxpresso.tools.win32_11.6.0.202112161359/tools/bin/../lib/gcc/arm-none-eabi/10.3.1/../../../../arm-none-eabi/lib/thumb/v6-m/nofp\libcr_c.a(alloc.o)
                0x000023be                free
 .text.remove   0x000023ea       0x12 c:/nxp/mcuxpressoide_11.6.0_8187/ide/plugins/com.nxp.mcuxpresso.tools.win32_11.6.0.202112161359/tools/bin/../lib/gcc/arm-none-eabi/10.3.1/../../../../arm-none-eabi/lib/thumb/v6-m/nofp\libcr_c.a(remove.o)
                0x000023ea                remove
 .text.__aeabi_division_idivmod
                0x000023fc       0x78 c:/nxp/mcuxpressoide_11.6.0_8187/ide/plugins/com.nxp.mcuxpresso.tools.win32_11.6.0.202112161359/tools/bin/../lib/gcc/arm-none-eabi/10.3.1/thumb/v6-m/nofp\libcr_eabihelpers.a(division_32.o)
                0x000023fc                __aeabi_idivmod
                0x000023fc                __aeabi_idiv
                0x00002402                __aeabi_uidivmod
                0x00002402                __aeabi_uidiv
 .text.__aeabi_division_uldivmod
                0x00002474       0x5a c:/nxp/mcuxpressoide_11.6.0_8187/ide/plugins/com.nxp.mcuxpresso.tools.win32_11.6.0.202112161359/tools/bin/../lib/gcc/arm-none-eabi/10.3.1/thumb/v6-m/nofp\libcr_eabihelpers.a(division_64.o)
                0x00002474                __aeabi_uldivmod
 .text.__aeabi_division_idiv0
                0x000024ce        0x2 c:/nxp/mcuxpressoide_11.6.0_8187/ide/plugins/com.nxp.mcuxpresso.tools.win32_11.6.0.202112161359/tools/bin/../lib/gcc/arm-none-eabi/10.3.1/thumb/v6-m/nofp\libcr_eabihelpers.a(division_idiv0.o)
                0x000024ce                __aeabi_idiv0
 .text.__aeabi_memcpy
                0x000024d0       0x2c c:/nxp/mcuxpressoide_11.6.0_8187/ide/plugins/com.nxp.mcuxpresso.tools.win32_11.6.0.202112161359/tools/bin/../lib/gcc/arm-none-eabi/10.3.1/thumb/v6-m/nofp\libcr_eabihelpers.a(memcpy.o)
                0x000024d0                __aeabi_memcpy4
                0x000024d0                __aeabi_memcpy8
                0x000024d0                __aeabi_memcpy
 .text.__aeabi_memset_lowlevel
                0x000024fc       0x2a c:/nxp/mcuxpressoide_11.6.0_8187/ide/plugins/com.nxp.mcuxpresso.tools.win32_11.6.0.202112161359/tools/bin/../lib/gcc/arm-none-eabi/10.3.1/thumb/v6-m/nofp\libcr_eabihelpers.a(memcpy.o)
                0x000024fc                __aeabi_lowlevel_memset
 .text.__sys_close
                0x00002526        0x6 c:/nxp/mcuxpressoide_11.6.0_8187/ide/plugins/com.nxp.mcuxpresso.tools.win32_11.6.0.202112161359/tools/bin/../lib/gcc/arm-none-eabi/10.3.1/../../../../arm-none-eabi/lib/thumb/v6-m/nofp\libcr_nohost_nf.a(__sys_close.o)
                0x00002526                __sys_close
 .text.__sys_flen
                0x0000252c        0x6 c:/nxp/mcuxpressoide_11.6.0_8187/ide/plugins/com.nxp.mcuxpresso.tools.win32_11.6.0.202112161359/tools/bin/../lib/gcc/arm-none-eabi/10.3.1/../../../../arm-none-eabi/lib/thumb/v6-m/nofp\libcr_nohost_nf.a(__sys_flen.o)
                0x0000252c                __sys_flen
 .text.__sys_istty
                0x00002532        0x6 c:/nxp/mcuxpressoide_11.6.0_8187/ide/plugins/com.nxp.mcuxpresso.tools.win32_11.6.0.202112161359/tools/bin/../lib/gcc/arm-none-eabi/10.3.1/../../../../arm-none-eabi/lib/thumb/v6-m/nofp\libcr_nohost_nf.a(__sys_istty.o)
                0x00002532                __sys_istty
 .text.__sys_remove
                0x00002538        0x6 c:/nxp/mcuxpressoide_11.6.0_8187/ide/plugins/com.nxp.mcuxpresso.tools.win32_11.6.0.202112161359/tools/bin/../lib/gcc/arm-none-eabi/10.3.1/../../../../arm-none-eabi/lib/thumb/v6-m/nofp\libcr_nohost_nf.a(__sys_remove.o)
                0x00002538                __sys_remove
 .text.__sys_seek
                0x0000253e        0x6 c:/nxp/mcuxpressoide_11.6.0_8187/ide/plugins/com.nxp.mcuxpresso.tools.win32_11.6.0.202112161359/tools/bin/../lib/gcc/arm-none-eabi/10.3.1/../../../../arm-none-eabi/lib/thumb/v6-m/nofp\libcr_nohost_nf.a(__sys_seek.o)
                0x0000253e                __sys_seek
 .text.__sys_tmpnam
                0x00002544        0x6 c:/nxp/mcuxpressoide_11.6.0_8187/ide/plugins/com.nxp.mcuxpresso.tools.win32_11.6.0.202112161359/tools/bin/../lib/gcc/arm-none-eabi/10.3.1/../../../../arm-none-eabi/lib/thumb/v6-m/nofp\libcr_nohost_nf.a(__sys_tmpnam.o)
                0x00002544                __sys_tmpnam
 .text.__sys_write
                0x0000254a        0x4 c:/nxp/mcuxpressoide_11.6.0_8187/ide/plugins/com.nxp.mcuxpresso.tools.win32_11.6.0.202112161359/tools/bin/../lib/gcc/arm-none-eabi/10.3.1/../../../../arm-none-eabi/lib/thumb/v6-m/nofp\libcr_nohost_nf.a(__sys_write.o)
                0x0000254a                __sys_write
 *(SORT_BY_ALIGNMENT(.rodata) SORT_BY_ALIGNMENT(.rodata.*) SORT_BY_ALIGNMENT(.constdata) SORT_BY_ALIGNMENT(.constdata.*))
 *fill*         0x0000254e        0x2 ff
 .rodata.__assertion_failed.str1.4
                0x00002550       0x14 ./utilities/fsl_assert.o
 .rodata.CLOCK_SetFRGClkFreq.str1.4
                0x00002564       0x16 ./drivers/fsl_clock.o
 *fill*         0x0000257a        0x2 ff
 .rodata.CLOCK_UpdateClkSrc.str1.4
                0x0000257c       0x16 ./drivers/fsl_clock.o
 *fill*         0x00002592        0x2 ff
 .rodata.CLOCK_GetMainClkFreq.str1.4
                0x00002594       0x18 ./drivers/fsl_clock.o
 .rodata.GPIO_EnablePortClock.str1.4
                0x000025ac       0x33 ./drivers/fsl_gpio.o
 *fill*         0x000025df        0x1 ff
 .rodata.RESET_SetPeripheralReset.str1.4
                0x000025e0       0x1f ./drivers/fsl_reset.o
 *fill*         0x000025ff        0x1 ff
 .rodata.RESET_ClearPeripheralReset.str1.4
                0x00002600       0x1f ./drivers/fsl_reset.o
 *fill*         0x0000261f        0x1 ff
 .rodata.SWM_SetMovablePinSelect.str1.4
                0x00002620       0x49 ./drivers/fsl_swm.o
 *fill*         0x00002669        0x3 ff
 .rodata.s_usartBaseAddrs
                0x0000266c        0x8 ./drivers/fsl_usart.o
 .rodata.s_usartClock
                0x00002674        0x4 ./drivers/fsl_usart.o
 .rodata.s_usartRest
                0x00002678        0x8 ./drivers/fsl_usart.o
 .rodata.USART_GetInstance.str1.4
                0x00002680       0x3b ./drivers/fsl_usart.o
 *fill*         0x000026bb        0x1 ff
 .rodata.USART_Init.str1.4
                0x000026bc       0x4f ./drivers/fsl_usart.o
 *fill*         0x0000270b        0x1 ff
 .rodata.USART_GetDefaultConfig.str1.4
                0x0000270c       0x21 ./drivers/fsl_usart.o
 *fill*         0x0000272d        0x3 ff
 .rodata.USART_SetBaudRate.str1.4
                0x00002730       0x8f ./drivers/fsl_usart.o
 *fill*         0x000027bf        0x1 ff
 .rodata.USART_WriteBlocking.str1.4
                0x000027c0       0x36 ./drivers/fsl_usart.o
 *fill*         0x000027f6        0x2 ff
 .rodata.USART_ReadBlocking.str1.4
                0x000027f8       0x36 ./drivers/fsl_usart.o
 *fill*         0x0000282e        0x2 ff
 .rodata.s_UsartAdapterBase
                0x00002830        0x8 ./component/uart/fsl_adapter_miniusart.o
 .rodata.HAL_UartInit.str1.4
                0x00002838       0xfb ./component/uart/fsl_adapter_miniusart.o
 *fill*         0x00002933        0x1 ff
 .rodata.HAL_UartReceiveBlocking.str1.4
                0x00002934       0x71 ./component/uart/fsl_adapter_miniusart.o
 *fill*         0x000029a5        0x3 ff
 .rodata.HAL_UartSendBlocking.str1.4
                0x000029a8       0x71 ./component/uart/fsl_adapter_miniusart.o
 *fill*         0x00002a19        0x3 ff
 .rodata.convertNumber
                0x00002a1c       0x28 ./board/PT6964.o
 .rodata.BOARD_InitDebugConsole.str1.4
                0x00002a44       0x27 ./board/board.o
 *fill*         0x00002a6b        0x1 ff
 .rodata.CLOCK_SetCoreSysClkDiv.str1.4
                0x00002a6c       0x78 ./board/clock_config.o
 .rodata.__num_Ciob_streams
                0x00002ae4        0x4 c:/nxp/mcuxpressoide_11.6.0_8187/ide/plugins/com.nxp.mcuxpresso.tools.win32_11.6.0.202112161359/tools/bin/../lib/gcc/arm-none-eabi/10.3.1/../../../../arm-none-eabi/lib/thumb/v6-m/nofp\libcr_nohost_nf.a(__ciob.o)
                0x00002ae4                __num_Ciob_streams
 .rodata._initio.str1.1
                0x00002ae8        0x4 c:/nxp/mcuxpressoide_11.6.0_8187/ide/plugins/com.nxp.mcuxpresso.tools.win32_11.6.0.202112161359/tools/bin/../lib/gcc/arm-none-eabi/10.3.1/../../../../arm-none-eabi/lib/thumb/v6-m/nofp\libcr_c.a(initio.o)
                0x00002aec                . = ALIGN (0x4)
                0x00002aec                _etext = .

.glue_7         0x00002aec        0x0
 .glue_7        0x00002aec        0x0 linker stubs

.glue_7t        0x00002aec        0x0
 .glue_7t       0x00002aec        0x0 linker stubs

.vfp11_veneer   0x00002aec        0x0
 .vfp11_veneer  0x00002aec        0x0 linker stubs

.v4_bx          0x00002aec        0x0
 .v4_bx         0x00002aec        0x0 linker stubs

.iplt           0x00002aec        0x0
 .iplt          0x00002aec        0x0 ./utilities/fsl_assert.o

.rel.dyn        0x00002aec        0x0
 .rel.iplt      0x00002aec        0x0 ./utilities/fsl_assert.o

.data_RAM2      0x10000fe0        0x0 load address 0x00002aec
 FILL mask 0xff
                [!provide]                PROVIDE (__start_data_RAM2 = .)
                [!provide]                PROVIDE (__start_data_IAP_SRAM = .)
 *(SORT_BY_ALIGNMENT(.ramfunc.$RAM2))
 *(SORT_BY_ALIGNMENT(.ramfunc.$IAP_SRAM))
 *(SORT_BY_ALIGNMENT(.data.$RAM2))
 *(SORT_BY_ALIGNMENT(.data.$IAP_SRAM))
 *(SORT_BY_ALIGNMENT(.data.$RAM2.*))
 *(SORT_BY_ALIGNMENT(.data.$IAP_SRAM.*))
                0x10000fe0                . = ALIGN (0x4)
                [!provide]                PROVIDE (__end_data_RAM2 = .)
                [!provide]                PROVIDE (__end_data_IAP_SRAM = .)

.uninit_RESERVED
                0x10000000        0x0
                0x10000000                _start_uninit_RESERVED = .
 *(SORT_BY_ALIGNMENT(.bss.$RESERVED*))
                0x10000000                . = ALIGN (0x4)
                0x10000000                _end_uninit_RESERVED = .

.data           0x10000000        0x8 load address 0x00002aec
 FILL mask 0xff
                0x10000000                _data = .
                [!provide]                PROVIDE (__start_data_RAM = .)
                [!provide]                PROVIDE (__start_data_SRAM = .)
 *(SORT_BY_ALIGNMENT(vtable))
 *(SORT_BY_ALIGNMENT(.ramfunc*))
 *(SORT_BY_ALIGNMENT(CodeQuickAccess))
 *(SORT_BY_ALIGNMENT(DataQuickAccess))
 *(SORT_BY_ALIGNMENT(RamFunction))
 *(SORT_BY_ALIGNMENT(.data*))
 .data.g_LP_Osc_Freq
                0x10000000        0x4 ./drivers/fsl_clock.o
                0x10000000                g_LP_Osc_Freq
 .data.SystemCoreClock
                0x10000004        0x4 ./device/system_LPC804.o
                0x10000004                SystemCoreClock
                0x10000008                . = ALIGN (0x4)
                0x10000008                _edata = .
                [!provide]                PROVIDE (__end_data_RAM = .)
                [!provide]                PROVIDE (__end_data_SRAM = .)

.igot.plt       0x10000008        0x0 load address 0x00002af4
 .igot.plt      0x10000008        0x0 ./utilities/fsl_assert.o

.bss_RAM2       0x10000fe0        0x0
                [!provide]                PROVIDE (__start_bss_RAM2 = .)
                [!provide]                PROVIDE (__start_bss_IAP_SRAM = .)
 *(SORT_BY_ALIGNMENT(.bss.$RAM2))
 *(SORT_BY_ALIGNMENT(.bss.$IAP_SRAM))
 *(SORT_BY_ALIGNMENT(.bss.$RAM2.*))
 *(SORT_BY_ALIGNMENT(.bss.$IAP_SRAM.*))
                0x10000fe0                . = ALIGN ((. != 0x0)?0x4:0x1)
                [!provide]                PROVIDE (__end_bss_RAM2 = .)
                [!provide]                PROVIDE (__end_bss_IAP_SRAM = .)

.bss            0x10000008       0xe4
                0x10000008                _bss = .
                [!provide]                PROVIDE (__start_bss_RAM = .)
                [!provide]                PROVIDE (__start_bss_SRAM = .)
 *(SORT_BY_ALIGNMENT(.bss*))
 .bss.s_debugConsole
                0x10000008       0x14 ./utilities/fsl_debug_console.o
 .bss.g_Ext_Clk_Freq
                0x1000001c        0x4 ./drivers/fsl_clock.o
                0x1000001c                g_Ext_Clk_Freq
 .bss.g_Fro_Osc_Freq
                0x10000020        0x4 ./drivers/fsl_clock.o
                0x10000020                g_Fro_Osc_Freq
 .bss.s_usartHandle
                0x10000024        0x8 ./drivers/fsl_usart.o
 .bss.s_usartIsr
                0x1000002c        0x4 ./drivers/fsl_usart.o
 .bss.g_systickCounter
                0x10000030        0x4 ./board/PT6964.o
                0x10000030                g_systickCounter
 .bss.errno     0x10000034        0x4 c:/nxp/mcuxpressoide_11.6.0_8187/ide/plugins/com.nxp.mcuxpresso.tools.win32_11.6.0.202112161359/tools/bin/../lib/gcc/arm-none-eabi/10.3.1/../../../../arm-none-eabi/lib/thumb/v6-m/nofp\libcr_c.a(errno.o)
                0x10000034                errno
 .bss.__Ciob    0x10000038       0xb4 c:/nxp/mcuxpressoide_11.6.0_8187/ide/plugins/com.nxp.mcuxpresso.tools.win32_11.6.0.202112161359/tools/bin/../lib/gcc/arm-none-eabi/10.3.1/../../../../arm-none-eabi/lib/thumb/v6-m/nofp\libcr_nohost_nf.a(__ciob.o)
                0x10000038                __Ciob
 *(SORT_BY_ALIGNMENT(COMMON))
                0x100000ec                . = ALIGN (0x4)
                0x100000ec                _ebss = .
                [!provide]                PROVIDE (__end_bss_RAM = .)
                [!provide]                PROVIDE (__end_bss_SRAM = .)
                [!provide]                PROVIDE (end = .)

.noinit_RAM2    0x10000fe0        0x0
                [!provide]                PROVIDE (__start_noinit_RAM2 = .)
                [!provide]                PROVIDE (__start_noinit_IAP_SRAM = .)
 *(SORT_BY_ALIGNMENT(.noinit.$RAM2))
 *(SORT_BY_ALIGNMENT(.noinit.$IAP_SRAM))
 *(SORT_BY_ALIGNMENT(.noinit.$RAM2.*))
 *(SORT_BY_ALIGNMENT(.noinit.$IAP_SRAM.*))
                0x10000fe0                . = ALIGN (0x4)
                [!provide]                PROVIDE (__end_noinit_RAM2 = .)
                [!provide]                PROVIDE (__end_noinit_IAP_SRAM = .)

.noinit         0x100000ec        0x0
                0x100000ec                _noinit = .
                [!provide]                PROVIDE (__start_noinit_RAM = .)
                [!provide]                PROVIDE (__start_noinit_SRAM = .)
 *(SORT_BY_ALIGNMENT(.noinit*))
                0x100000ec                . = ALIGN (0x4)
                0x100000ec                _end_noinit = .
                [!provide]                PROVIDE (__end_noinit_RAM = .)
                [!provide]                PROVIDE (__end_noinit_SRAM = .)

.ARM.extab
 *(SORT_BY_ALIGNMENT(.ARM.extab*) SORT_BY_ALIGNMENT(.gnu.linkonce.armextab.*))

.ARM.exidx      0x00002af4        0x0
                0x00002af4                __exidx_start = .
 *(SORT_BY_ALIGNMENT(.ARM.exidx*) SORT_BY_ALIGNMENT(.gnu.linkonce.armexidx.*))
                0x00002af4                __exidx_end = .
                0x000000f8                _HeapSize = 0xf8

.heap           0x100000ec       0xf8
                0x100000ec                _pvHeapStart = .
                0x100001e4                . = (. + _HeapSize)
 *fill*         0x100000ec       0xf8 
                0x100001e4                . = ALIGN (0x4)
                0x100001e4                _pvHeapLimit = .
                0x000000f8                _StackSize = 0xf8

.heap2stackfill
                0x100001e4       0xf8
                0x100002dc                . = (. + _StackSize)
 *fill*         0x100001e4       0xf8 

.stack          0x10000ee8        0x0
                0x10000ee8                _vStackBase = .
                0x10000ee8                . = ALIGN (0x4)
                0x10000fe0                _vStackTop = (. + _StackSize)
                0xefffe7ef                PROVIDE (__valid_user_code_checksum = (0x0 - (((_vStackTop + (ResetISR + 0x1)) + (DEFINED (NMI_Handler)?NMI_Handler:M0_NMI_Handler + 0x1)) + (DEFINED (HardFault_Handler)?HardFault_Handler:M0_HardFault_Handler + 0x1))))
                0x00000000                _image_start = LOADADDR (.text)
                0x00002af4                _image_end = (LOADADDR (.data) + SIZEOF (.data))
                0x00002af4                _image_size = (_image_end - _image_start)
OUTPUT(LPC804_PT6964.axf elf32-littlearm)
LOAD linker stubs

.debug_info     0x00000000     0x9b9d
 .debug_info    0x00000000       0xa3 ./utilities/fsl_assert.o
 .debug_info    0x000000a3     0x10ab ./utilities/fsl_debug_console.o
 .debug_info    0x0000114e      0x4a6 ./startup/startup_lpc804.o
 .debug_info    0x000015f4      0x612 ./source/LPC804_PT6964.o
 .debug_info    0x00001c06       0x3c ./source/semihost_hardfault.o
 .debug_info    0x00001c42      0xf1d ./drivers/fsl_clock.o
 .debug_info    0x00002b5f      0xc23 ./drivers/fsl_gpio.o
 .debug_info    0x00003782      0x5d1 ./drivers/fsl_reset.o
 .debug_info    0x00003d53      0x75a ./drivers/fsl_swm.o
 .debug_info    0x000044ad     0x19de ./drivers/fsl_usart.o
 .debug_info    0x00005e8b      0x598 ./device/system_LPC804.o
 .debug_info    0x00006423      0xd91 ./component/uart/fsl_adapter_miniusart.o
 .debug_info    0x000071b4      0xb0b ./board/PT6964.o
 .debug_info    0x00007cbf      0x9ce ./board/board.o
 .debug_info    0x0000868d      0x6d0 ./board/clock_config.o
 .debug_info    0x00008d5d       0x4e ./board/peripherals.o
 .debug_info    0x00008dab      0xdf2 ./board/pin_mux.o

.debug_abbrev   0x00000000     0x1c33
 .debug_abbrev  0x00000000       0x66 ./utilities/fsl_assert.o
 .debug_abbrev  0x00000066      0x2bb ./utilities/fsl_debug_console.o
 .debug_abbrev  0x00000321      0x1ba ./startup/startup_lpc804.o
 .debug_abbrev  0x000004db      0x171 ./source/LPC804_PT6964.o
 .debug_abbrev  0x0000064c       0x31 ./source/semihost_hardfault.o
 .debug_abbrev  0x0000067d      0x335 ./drivers/fsl_clock.o
 .debug_abbrev  0x000009b2      0x1c3 ./drivers/fsl_gpio.o
 .debug_abbrev  0x00000b75      0x15c ./drivers/fsl_reset.o
 .debug_abbrev  0x00000cd1      0x16e ./drivers/fsl_swm.o
 .debug_abbrev  0x00000e3f      0x316 ./drivers/fsl_usart.o
 .debug_abbrev  0x00001155      0x14c ./device/system_LPC804.o
 .debug_abbrev  0x000012a1      0x1cb ./component/uart/fsl_adapter_miniusart.o
 .debug_abbrev  0x0000146c      0x1ff ./board/PT6964.o
 .debug_abbrev  0x0000166b      0x173 ./board/board.o
 .debug_abbrev  0x000017de      0x1b6 ./board/clock_config.o
 .debug_abbrev  0x00001994       0x4b ./board/peripherals.o
 .debug_abbrev  0x000019df      0x254 ./board/pin_mux.o

.debug_aranges  0x00000000      0x680
 .debug_aranges
                0x00000000       0x20 ./utilities/fsl_assert.o
 .debug_aranges
                0x00000020       0x78 ./utilities/fsl_debug_console.o
 .debug_aranges
                0x00000098      0x160 ./startup/startup_lpc804.o
 .debug_aranges
                0x000001f8       0x30 ./source/LPC804_PT6964.o
 .debug_aranges
                0x00000228       0x20 ./source/semihost_hardfault.o
 .debug_aranges
                0x00000248       0xa0 ./drivers/fsl_clock.o
 .debug_aranges
                0x000002e8       0x38 ./drivers/fsl_gpio.o
 .debug_aranges
                0x00000320       0x30 ./drivers/fsl_reset.o
 .debug_aranges
                0x00000350       0x30 ./drivers/fsl_swm.o
 .debug_aranges
                0x00000380      0x110 ./drivers/fsl_usart.o
 .debug_aranges
                0x00000490       0x30 ./device/system_LPC804.o
 .debug_aranges
                0x000004c0       0x50 ./component/uart/fsl_adapter_miniusart.o
 .debug_aranges
                0x00000510       0x68 ./board/PT6964.o
 .debug_aranges
                0x00000578       0x28 ./board/board.o
 .debug_aranges
                0x000005a0       0x50 ./board/clock_config.o
 .debug_aranges
                0x000005f0       0x28 ./board/peripherals.o
 .debug_aranges
                0x00000618       0x68 ./board/pin_mux.o

.debug_ranges   0x00000000      0x570
 .debug_ranges  0x00000000       0x10 ./utilities/fsl_assert.o
 .debug_ranges  0x00000010       0x68 ./utilities/fsl_debug_console.o
 .debug_ranges  0x00000078      0x150 ./startup/startup_lpc804.o
 .debug_ranges  0x000001c8       0x20 ./source/LPC804_PT6964.o
 .debug_ranges  0x000001e8       0x10 ./source/semihost_hardfault.o
 .debug_ranges  0x000001f8       0x90 ./drivers/fsl_clock.o
 .debug_ranges  0x00000288       0x28 ./drivers/fsl_gpio.o
 .debug_ranges  0x000002b0       0x20 ./drivers/fsl_reset.o
 .debug_ranges  0x000002d0       0x20 ./drivers/fsl_swm.o
 .debug_ranges  0x000002f0      0x100 ./drivers/fsl_usart.o
 .debug_ranges  0x000003f0       0x20 ./device/system_LPC804.o
 .debug_ranges  0x00000410       0x40 ./component/uart/fsl_adapter_miniusart.o
 .debug_ranges  0x00000450       0x58 ./board/PT6964.o
 .debug_ranges  0x000004a8       0x18 ./board/board.o
 .debug_ranges  0x000004c0       0x40 ./board/clock_config.o
 .debug_ranges  0x00000500       0x18 ./board/peripherals.o
 .debug_ranges  0x00000518       0x58 ./board/pin_mux.o

.debug_macro    0x00000000     0x74cf
 .debug_macro   0x00000000      0x13b ./utilities/fsl_assert.o
 .debug_macro   0x0000013b      0xa7e ./utilities/fsl_assert.o
 .debug_macro   0x00000bb9       0x10 ./utilities/fsl_assert.o
 .debug_macro   0x00000bc9       0x1c ./utilities/fsl_assert.o
 .debug_macro   0x00000be5       0x22 ./utilities/fsl_assert.o
 .debug_macro   0x00000c07      0x12e ./utilities/fsl_assert.o
 .debug_macro   0x00000d35      0x5b3 ./utilities/fsl_assert.o
 .debug_macro   0x000012e8       0x22 ./utilities/fsl_assert.o
 .debug_macro   0x0000130a       0x10 ./utilities/fsl_assert.o
 .debug_macro   0x0000131a       0x3f ./utilities/fsl_assert.o
 .debug_macro   0x00001359       0x1c ./utilities/fsl_assert.o
 .debug_macro   0x00001375       0x22 ./utilities/fsl_assert.o
 .debug_macro   0x00001397       0xd1 ./utilities/fsl_assert.o
 .debug_macro   0x00001468      0x3ad ./utilities/fsl_assert.o
 .debug_macro   0x00001815       0x22 ./utilities/fsl_assert.o
 .debug_macro   0x00001837     0x3f2e ./utilities/fsl_assert.o
 .debug_macro   0x00005765      0x1bc ./utilities/fsl_assert.o
 .debug_macro   0x00005921       0x7a ./utilities/fsl_assert.o
 .debug_macro   0x0000599b       0x96 ./utilities/fsl_assert.o
 .debug_macro   0x00005a31      0x10a ./utilities/fsl_assert.o
 .debug_macro   0x00005b3b       0x16 ./utilities/fsl_assert.o
 .debug_macro   0x00005b51       0x77 ./utilities/fsl_assert.o
 .debug_macro   0x00005bc8       0x1c ./utilities/fsl_assert.o
 .debug_macro   0x00005be4       0x1c ./utilities/fsl_assert.o
 .debug_macro   0x00005c00       0x34 ./utilities/fsl_assert.o
 .debug_macro   0x00005c34      0x161 ./utilities/fsl_debug_console.o
 .debug_macro   0x00005d95       0x16 ./utilities/fsl_debug_console.o
 .debug_macro   0x00005dab       0x10 ./utilities/fsl_debug_console.o
 .debug_macro   0x00005dbb       0x28 ./utilities/fsl_debug_console.o
 .debug_macro   0x00005de3       0xc4 ./utilities/fsl_debug_console.o
 .debug_macro   0x00005ea7       0x16 ./utilities/fsl_debug_console.o
 .debug_macro   0x00005ebd       0x46 ./utilities/fsl_debug_console.o
 .debug_macro   0x00005f03       0x32 ./startup/startup_lpc804.o
 .debug_macro   0x00005f35       0x34 ./startup/startup_lpc804.o
 .debug_macro   0x00005f69      0x1a7 ./source/LPC804_PT6964.o
 .debug_macro   0x00006110       0xd8 ./source/LPC804_PT6964.o
 .debug_macro   0x000061e8       0x22 ./source/LPC804_PT6964.o
 .debug_macro   0x0000620a       0x10 ./source/LPC804_PT6964.o
 .debug_macro   0x0000621a      0x11e ./source/LPC804_PT6964.o
 .debug_macro   0x00006338      0x218 ./source/LPC804_PT6964.o
 .debug_macro   0x00006550      0x13c ./source/LPC804_PT6964.o
 .debug_macro   0x0000668c       0x11 ./source/semihost_hardfault.o
 .debug_macro   0x0000669d      0x12d ./drivers/fsl_clock.o
 .debug_macro   0x000067ca       0x28 ./drivers/fsl_clock.o
 .debug_macro   0x000067f2      0x13a ./drivers/fsl_gpio.o
 .debug_macro   0x0000692c      0x12a ./drivers/fsl_reset.o
 .debug_macro   0x00006a56      0x144 ./drivers/fsl_swm.o
 .debug_macro   0x00006b9a      0x139 ./drivers/fsl_usart.o
 .debug_macro   0x00006cd3       0x1c ./drivers/fsl_usart.o
 .debug_macro   0x00006cef       0x97 ./device/system_LPC804.o
 .debug_macro   0x00006d86      0x136 ./component/uart/fsl_adapter_miniusart.o
 .debug_macro   0x00006ebc       0x22 ./component/uart/fsl_adapter_miniusart.o
 .debug_macro   0x00006ede      0x163 ./board/PT6964.o
 .debug_macro   0x00007041      0x162 ./board/board.o
 .debug_macro   0x000071a3       0x28 ./board/board.o
 .debug_macro   0x000071cb      0x14a ./board/clock_config.o
 .debug_macro   0x00007315       0x1b ./board/peripherals.o
 .debug_macro   0x00007330      0x159 ./board/pin_mux.o
 .debug_macro   0x00007489       0x46 ./board/pin_mux.o

.debug_line     0x00000000     0x543d
 .debug_line    0x00000000      0x3c8 ./utilities/fsl_assert.o
 .debug_line    0x000003c8      0xc79 ./utilities/fsl_debug_console.o
 .debug_line    0x00001041      0x26f ./startup/startup_lpc804.o
 .debug_line    0x000012b0      0x5a5 ./source/LPC804_PT6964.o
 .debug_line    0x00001855       0x59 ./source/semihost_hardfault.o
 .debug_line    0x000018ae      0x693 ./drivers/fsl_clock.o
 .debug_line    0x00001f41      0x3e4 ./drivers/fsl_gpio.o
 .debug_line    0x00002325      0x3b1 ./drivers/fsl_reset.o
 .debug_line    0x000026d6      0x42e ./drivers/fsl_swm.o
 .debug_line    0x00002b04      0xc96 ./drivers/fsl_usart.o
 .debug_line    0x0000379a      0x2d9 ./device/system_LPC804.o
 .debug_line    0x00003a73      0x551 ./component/uart/fsl_adapter_miniusart.o
 .debug_line    0x00003fc4      0x55f ./board/PT6964.o
 .debug_line    0x00004523      0x476 ./board/board.o
 .debug_line    0x00004999      0x4a9 ./board/clock_config.o
 .debug_line    0x00004e42       0x71 ./board/peripherals.o
 .debug_line    0x00004eb3      0x58a ./board/pin_mux.o

.debug_str      0x00000000    0x2fd4e
 .debug_str     0x00000000    0x28f24 ./utilities/fsl_assert.o
                              0x28fd7 (size before relaxing)
 .debug_str     0x00028f24     0x194c ./utilities/fsl_debug_console.o
                              0x2a98d (size before relaxing)
 .debug_str     0x0002a870      0x4da ./startup/startup_lpc804.o
                               0x31cc (size before relaxing)
 .debug_str     0x0002ad4a     0x1f8e ./source/LPC804_PT6964.o
                              0x2b004 (size before relaxing)
 .debug_str     0x0002ccd8       0x1f ./source/semihost_hardfault.o
                               0x2ce0 (size before relaxing)
 .debug_str     0x0002ccf7      0x607 ./drivers/fsl_clock.o
                              0x29f95 (size before relaxing)
 .debug_str     0x0002d2fe      0x41b ./drivers/fsl_gpio.o
                              0x29e56 (size before relaxing)
 .debug_str     0x0002d719       0xae ./drivers/fsl_reset.o
                              0x292d3 (size before relaxing)
 .debug_str     0x0002d7c7      0xdb7 ./drivers/fsl_swm.o
                              0x29cd6 (size before relaxing)
 .debug_str     0x0002e57e      0xccc ./drivers/fsl_usart.o
                              0x2ad61 (size before relaxing)
 .debug_str     0x0002f24a       0x4a ./device/system_LPC804.o
                              0x279ab (size before relaxing)
 .debug_str     0x0002f294       0xfb ./component/uart/fsl_adapter_miniusart.o
                              0x2a29e (size before relaxing)
 .debug_str     0x0002f38f       0xee ./board/PT6964.o
                              0x2b442 (size before relaxing)
 .debug_str     0x0002f47d      0x2f9 ./board/board.o
                              0x2ace3 (size before relaxing)
 .debug_str     0x0002f776      0x1f8 ./board/clock_config.o
                              0x2969c (size before relaxing)
 .debug_str     0x0002f96e       0x47 ./board/peripherals.o
                               0x2d07 (size before relaxing)
 .debug_str     0x0002f9b5      0x399 ./board/pin_mux.o
                              0x2a86d (size before relaxing)

.comment        0x00000000       0x49
 .comment       0x00000000       0x49 ./utilities/fsl_assert.o
                                 0x4a (size before relaxing)
 .comment       0x00000049       0x4a ./utilities/fsl_debug_console.o
 .comment       0x00000049       0x4a ./startup/startup_lpc804.o
 .comment       0x00000049       0x4a ./source/LPC804_PT6964.o
 .comment       0x00000049       0x4a ./source/semihost_hardfault.o
 .comment       0x00000049       0x4a ./drivers/fsl_clock.o
 .comment       0x00000049       0x4a ./drivers/fsl_gpio.o
 .comment       0x00000049       0x4a ./drivers/fsl_reset.o
 .comment       0x00000049       0x4a ./drivers/fsl_swm.o
 .comment       0x00000049       0x4a ./drivers/fsl_usart.o
 .comment       0x00000049       0x4a ./device/system_LPC804.o
 .comment       0x00000049       0x4a ./component/uart/fsl_adapter_miniusart.o
 .comment       0x00000049       0x4a ./board/PT6964.o
 .comment       0x00000049       0x4a ./board/board.o
 .comment       0x00000049       0x4a ./board/clock_config.o
 .comment       0x00000049       0x4a ./board/peripherals.o
 .comment       0x00000049       0x4a ./board/pin_mux.o
 .comment       0x00000049       0x4a c:/nxp/mcuxpressoide_11.6.0_8187/ide/plugins/com.nxp.mcuxpresso.tools.win32_11.6.0.202112161359/tools/bin/../lib/gcc/arm-none-eabi/10.3.1/../../../../arm-none-eabi/lib/thumb/v6-m/nofp\libcr_nohost_nf.a(_cr__main.o)
 .comment       0x00000049       0x4a c:/nxp/mcuxpressoide_11.6.0_8187/ide/plugins/com.nxp.mcuxpresso.tools.win32_11.6.0.202112161359/tools/bin/../lib/gcc/arm-none-eabi/10.3.1/../../../../arm-none-eabi/lib/thumb/v6-m/nofp\libcr_c.a(memcpy.o)
 .comment       0x00000049       0x4a c:/nxp/mcuxpressoide_11.6.0_8187/ide/plugins/com.nxp.mcuxpresso.tools.win32_11.6.0.202112161359/tools/bin/../lib/gcc/arm-none-eabi/10.3.1/../../../../arm-none-eabi/lib/thumb/v6-m/nofp\libcr_c.a(memset.o)
 .comment       0x00000049       0x4a c:/nxp/mcuxpressoide_11.6.0_8187/ide/plugins/com.nxp.mcuxpresso.tools.win32_11.6.0.202112161359/tools/bin/../lib/gcc/arm-none-eabi/10.3.1/../../../../arm-none-eabi/lib/thumb/v6-m/nofp\libcr_c.a(alloc.o)
 .comment       0x00000049       0x4a c:/nxp/mcuxpressoide_11.6.0_8187/ide/plugins/com.nxp.mcuxpresso.tools.win32_11.6.0.202112161359/tools/bin/../lib/gcc/arm-none-eabi/10.3.1/../../../../arm-none-eabi/lib/thumb/v6-m/nofp\libcr_c.a(initio.o)
 .comment       0x00000049       0x4a c:/nxp/mcuxpressoide_11.6.0_8187/ide/plugins/com.nxp.mcuxpresso.tools.win32_11.6.0.202112161359/tools/bin/../lib/gcc/arm-none-eabi/10.3.1/../../../../arm-none-eabi/lib/thumb/v6-m/nofp\libcr_c.a(setvbuf.o)
 .comment       0x00000049       0x4a c:/nxp/mcuxpressoide_11.6.0_8187/ide/plugins/com.nxp.mcuxpresso.tools.win32_11.6.0.202112161359/tools/bin/../lib/gcc/arm-none-eabi/10.3.1/../../../../arm-none-eabi/lib/thumb/v6-m/nofp\libcr_c.a(strlen.o)
 .comment       0x00000049       0x4a c:/nxp/mcuxpressoide_11.6.0_8187/ide/plugins/com.nxp.mcuxpresso.tools.win32_11.6.0.202112161359/tools/bin/../lib/gcc/arm-none-eabi/10.3.1/../../../../arm-none-eabi/lib/thumb/v6-m/nofp\libcr_c.a(_fdopen.o)
 .comment       0x00000049       0x4a c:/nxp/mcuxpressoide_11.6.0_8187/ide/plugins/com.nxp.mcuxpresso.tools.win32_11.6.0.202112161359/tools/bin/../lib/gcc/arm-none-eabi/10.3.1/../../../../arm-none-eabi/lib/thumb/v6-m/nofp\libcr_c.a(errno.o)
 .comment       0x00000049       0x4a c:/nxp/mcuxpressoide_11.6.0_8187/ide/plugins/com.nxp.mcuxpresso.tools.win32_11.6.0.202112161359/tools/bin/../lib/gcc/arm-none-eabi/10.3.1/../../../../arm-none-eabi/lib/thumb/v6-m/nofp\libcr_c.a(fclose.o)
 .comment       0x00000049       0x4a c:/nxp/mcuxpressoide_11.6.0_8187/ide/plugins/com.nxp.mcuxpresso.tools.win32_11.6.0.202112161359/tools/bin/../lib/gcc/arm-none-eabi/10.3.1/../../../../arm-none-eabi/lib/thumb/v6-m/nofp\libcr_c.a(fflush.o)
 .comment       0x00000049       0x4a c:/nxp/mcuxpressoide_11.6.0_8187/ide/plugins/com.nxp.mcuxpresso.tools.win32_11.6.0.202112161359/tools/bin/../lib/gcc/arm-none-eabi/10.3.1/../../../../arm-none-eabi/lib/thumb/v6-m/nofp\libcr_c.a(fseek.o)
 .comment       0x00000049       0x4a c:/nxp/mcuxpressoide_11.6.0_8187/ide/plugins/com.nxp.mcuxpresso.tools.win32_11.6.0.202112161359/tools/bin/../lib/gcc/arm-none-eabi/10.3.1/../../../../arm-none-eabi/lib/thumb/v6-m/nofp\libcr_c.a(ftell.o)
 .comment       0x00000049       0x4a c:/nxp/mcuxpressoide_11.6.0_8187/ide/plugins/com.nxp.mcuxpresso.tools.win32_11.6.0.202112161359/tools/bin/../lib/gcc/arm-none-eabi/10.3.1/../../../../arm-none-eabi/lib/thumb/v6-m/nofp\libcr_c.a(remove.o)
 .comment       0x00000049       0x4a c:/nxp/mcuxpressoide_11.6.0_8187/ide/plugins/com.nxp.mcuxpresso.tools.win32_11.6.0.202112161359/tools/bin/../lib/gcc/arm-none-eabi/10.3.1/../../../../arm-none-eabi/lib/thumb/v6-m/nofp\libcr_c.a(_do_fflush.o)
 .comment       0x00000049       0x4a c:/nxp/mcuxpressoide_11.6.0_8187/ide/plugins/com.nxp.mcuxpresso.tools.win32_11.6.0.202112161359/tools/bin/../lib/gcc/arm-none-eabi/10.3.1/../../../../arm-none-eabi/lib/thumb/v6-m/nofp\libcr_c.a(_fflush.o)
 .comment       0x00000049       0x4a c:/nxp/mcuxpressoide_11.6.0_8187/ide/plugins/com.nxp.mcuxpresso.tools.win32_11.6.0.202112161359/tools/bin/../lib/gcc/arm-none-eabi/10.3.1/../../../../arm-none-eabi/lib/thumb/v6-m/nofp\libcr_c.a(_writebuf.o)
 .comment       0x00000049       0x4a c:/nxp/mcuxpressoide_11.6.0_8187/ide/plugins/com.nxp.mcuxpresso.tools.win32_11.6.0.202112161359/tools/bin/../lib/gcc/arm-none-eabi/10.3.1/../../../../arm-none-eabi/lib/thumb/v6-m/nofp\libcr_c.a(_deferredlazyseek.o)
 .comment       0x00000049       0x4a c:/nxp/mcuxpressoide_11.6.0_8187/ide/plugins/com.nxp.mcuxpresso.tools.win32_11.6.0.202112161359/tools/bin/../lib/gcc/arm-none-eabi/10.3.1/../../../../arm-none-eabi/lib/thumb/v6-m/nofp\libcr_nohost_nf.a(__ciob.o)
 .comment       0x00000049       0x4a c:/nxp/mcuxpressoide_11.6.0_8187/ide/plugins/com.nxp.mcuxpresso.tools.win32_11.6.0.202112161359/tools/bin/../lib/gcc/arm-none-eabi/10.3.1/../../../../arm-none-eabi/lib/thumb/v6-m/nofp\libcr_nohost_nf.a(__sys_close.o)
 .comment       0x00000049       0x4a c:/nxp/mcuxpressoide_11.6.0_8187/ide/plugins/com.nxp.mcuxpresso.tools.win32_11.6.0.202112161359/tools/bin/../lib/gcc/arm-none-eabi/10.3.1/../../../../arm-none-eabi/lib/thumb/v6-m/nofp\libcr_nohost_nf.a(__sys_flen.o)
 .comment       0x00000049       0x4a c:/nxp/mcuxpressoide_11.6.0_8187/ide/plugins/com.nxp.mcuxpresso.tools.win32_11.6.0.202112161359/tools/bin/../lib/gcc/arm-none-eabi/10.3.1/../../../../arm-none-eabi/lib/thumb/v6-m/nofp\libcr_nohost_nf.a(__sys_istty.o)
 .comment       0x00000049       0x4a c:/nxp/mcuxpressoide_11.6.0_8187/ide/plugins/com.nxp.mcuxpresso.tools.win32_11.6.0.202112161359/tools/bin/../lib/gcc/arm-none-eabi/10.3.1/../../../../arm-none-eabi/lib/thumb/v6-m/nofp\libcr_nohost_nf.a(__sys_remove.o)
 .comment       0x00000049       0x4a c:/nxp/mcuxpressoide_11.6.0_8187/ide/plugins/com.nxp.mcuxpresso.tools.win32_11.6.0.202112161359/tools/bin/../lib/gcc/arm-none-eabi/10.3.1/../../../../arm-none-eabi/lib/thumb/v6-m/nofp\libcr_nohost_nf.a(__sys_seek.o)
 .comment       0x00000049       0x4a c:/nxp/mcuxpressoide_11.6.0_8187/ide/plugins/com.nxp.mcuxpresso.tools.win32_11.6.0.202112161359/tools/bin/../lib/gcc/arm-none-eabi/10.3.1/../../../../arm-none-eabi/lib/thumb/v6-m/nofp\libcr_nohost_nf.a(__sys_tmpnam.o)
 .comment       0x00000049       0x4a c:/nxp/mcuxpressoide_11.6.0_8187/ide/plugins/com.nxp.mcuxpresso.tools.win32_11.6.0.202112161359/tools/bin/../lib/gcc/arm-none-eabi/10.3.1/../../../../arm-none-eabi/lib/thumb/v6-m/nofp\libcr_nohost_nf.a(__sys_write.o)

.ARM.attributes
                0x00000000       0x2a
 .ARM.attributes
                0x00000000       0x2c ./utilities/fsl_assert.o
 .ARM.attributes
                0x0000002c       0x2c ./utilities/fsl_debug_console.o
 .ARM.attributes
                0x00000058       0x2c ./startup/startup_lpc804.o
 .ARM.attributes
                0x00000084       0x2c ./source/LPC804_PT6964.o
 .ARM.attributes
                0x000000b0       0x2c ./source/semihost_hardfault.o
 .ARM.attributes
                0x000000dc       0x2c ./drivers/fsl_clock.o
 .ARM.attributes
                0x00000108       0x2c ./drivers/fsl_gpio.o
 .ARM.attributes
                0x00000134       0x2c ./drivers/fsl_reset.o
 .ARM.attributes
                0x00000160       0x2c ./drivers/fsl_swm.o
 .ARM.attributes
                0x0000018c       0x2c ./drivers/fsl_usart.o
 .ARM.attributes
                0x000001b8       0x2c ./device/system_LPC804.o
 .ARM.attributes
                0x000001e4       0x2c ./component/uart/fsl_adapter_miniusart.o
 .ARM.attributes
                0x00000210       0x2c ./board/PT6964.o
 .ARM.attributes
                0x0000023c       0x2c ./board/board.o
 .ARM.attributes
                0x00000268       0x2c ./board/clock_config.o
 .ARM.attributes
                0x00000294       0x2c ./board/peripherals.o
 .ARM.attributes
                0x000002c0       0x2c ./board/pin_mux.o
 .ARM.attributes
                0x000002ec       0x2c c:/nxp/mcuxpressoide_11.6.0_8187/ide/plugins/com.nxp.mcuxpresso.tools.win32_11.6.0.202112161359/tools/bin/../lib/gcc/arm-none-eabi/10.3.1/../../../../arm-none-eabi/lib/thumb/v6-m/nofp\libcr_nohost_nf.a(_cr__main.o)
 .ARM.attributes
                0x00000318       0x2c c:/nxp/mcuxpressoide_11.6.0_8187/ide/plugins/com.nxp.mcuxpresso.tools.win32_11.6.0.202112161359/tools/bin/../lib/gcc/arm-none-eabi/10.3.1/../../../../arm-none-eabi/lib/thumb/v6-m/nofp\libcr_c.a(memcpy.o)
 .ARM.attributes
                0x00000344       0x2c c:/nxp/mcuxpressoide_11.6.0_8187/ide/plugins/com.nxp.mcuxpresso.tools.win32_11.6.0.202112161359/tools/bin/../lib/gcc/arm-none-eabi/10.3.1/../../../../arm-none-eabi/lib/thumb/v6-m/nofp\libcr_c.a(memset.o)
 .ARM.attributes
                0x00000370       0x2c c:/nxp/mcuxpressoide_11.6.0_8187/ide/plugins/com.nxp.mcuxpresso.tools.win32_11.6.0.202112161359/tools/bin/../lib/gcc/arm-none-eabi/10.3.1/../../../../arm-none-eabi/lib/thumb/v6-m/nofp\libcr_c.a(alloc.o)
 .ARM.attributes
                0x0000039c       0x2c c:/nxp/mcuxpressoide_11.6.0_8187/ide/plugins/com.nxp.mcuxpresso.tools.win32_11.6.0.202112161359/tools/bin/../lib/gcc/arm-none-eabi/10.3.1/../../../../arm-none-eabi/lib/thumb/v6-m/nofp\libcr_c.a(initio.o)
 .ARM.attributes
                0x000003c8       0x2c c:/nxp/mcuxpressoide_11.6.0_8187/ide/plugins/com.nxp.mcuxpresso.tools.win32_11.6.0.202112161359/tools/bin/../lib/gcc/arm-none-eabi/10.3.1/../../../../arm-none-eabi/lib/thumb/v6-m/nofp\libcr_c.a(setvbuf.o)
 .ARM.attributes
                0x000003f4       0x2c c:/nxp/mcuxpressoide_11.6.0_8187/ide/plugins/com.nxp.mcuxpresso.tools.win32_11.6.0.202112161359/tools/bin/../lib/gcc/arm-none-eabi/10.3.1/../../../../arm-none-eabi/lib/thumb/v6-m/nofp\libcr_c.a(strlen.o)
 .ARM.attributes
                0x00000420       0x2c c:/nxp/mcuxpressoide_11.6.0_8187/ide/plugins/com.nxp.mcuxpresso.tools.win32_11.6.0.202112161359/tools/bin/../lib/gcc/arm-none-eabi/10.3.1/../../../../arm-none-eabi/lib/thumb/v6-m/nofp\libcr_c.a(_fdopen.o)
 .ARM.attributes
                0x0000044c       0x2c c:/nxp/mcuxpressoide_11.6.0_8187/ide/plugins/com.nxp.mcuxpresso.tools.win32_11.6.0.202112161359/tools/bin/../lib/gcc/arm-none-eabi/10.3.1/../../../../arm-none-eabi/lib/thumb/v6-m/nofp\libcr_c.a(errno.o)
 .ARM.attributes
                0x00000478       0x2c c:/nxp/mcuxpressoide_11.6.0_8187/ide/plugins/com.nxp.mcuxpresso.tools.win32_11.6.0.202112161359/tools/bin/../lib/gcc/arm-none-eabi/10.3.1/../../../../arm-none-eabi/lib/thumb/v6-m/nofp\libcr_c.a(fclose.o)
 .ARM.attributes
                0x000004a4       0x2c c:/nxp/mcuxpressoide_11.6.0_8187/ide/plugins/com.nxp.mcuxpresso.tools.win32_11.6.0.202112161359/tools/bin/../lib/gcc/arm-none-eabi/10.3.1/../../../../arm-none-eabi/lib/thumb/v6-m/nofp\libcr_c.a(fflush.o)
 .ARM.attributes
                0x000004d0       0x2c c:/nxp/mcuxpressoide_11.6.0_8187/ide/plugins/com.nxp.mcuxpresso.tools.win32_11.6.0.202112161359/tools/bin/../lib/gcc/arm-none-eabi/10.3.1/../../../../arm-none-eabi/lib/thumb/v6-m/nofp\libcr_c.a(fseek.o)
 .ARM.attributes
                0x000004fc       0x2c c:/nxp/mcuxpressoide_11.6.0_8187/ide/plugins/com.nxp.mcuxpresso.tools.win32_11.6.0.202112161359/tools/bin/../lib/gcc/arm-none-eabi/10.3.1/../../../../arm-none-eabi/lib/thumb/v6-m/nofp\libcr_c.a(ftell.o)
 .ARM.attributes
                0x00000528       0x2c c:/nxp/mcuxpressoide_11.6.0_8187/ide/plugins/com.nxp.mcuxpresso.tools.win32_11.6.0.202112161359/tools/bin/../lib/gcc/arm-none-eabi/10.3.1/../../../../arm-none-eabi/lib/thumb/v6-m/nofp\libcr_c.a(remove.o)
 .ARM.attributes
                0x00000554       0x2c c:/nxp/mcuxpressoide_11.6.0_8187/ide/plugins/com.nxp.mcuxpresso.tools.win32_11.6.0.202112161359/tools/bin/../lib/gcc/arm-none-eabi/10.3.1/../../../../arm-none-eabi/lib/thumb/v6-m/nofp\libcr_c.a(_do_fflush.o)
 .ARM.attributes
                0x00000580       0x2c c:/nxp/mcuxpressoide_11.6.0_8187/ide/plugins/com.nxp.mcuxpresso.tools.win32_11.6.0.202112161359/tools/bin/../lib/gcc/arm-none-eabi/10.3.1/../../../../arm-none-eabi/lib/thumb/v6-m/nofp\libcr_c.a(_fflush.o)
 .ARM.attributes
                0x000005ac       0x2c c:/nxp/mcuxpressoide_11.6.0_8187/ide/plugins/com.nxp.mcuxpresso.tools.win32_11.6.0.202112161359/tools/bin/../lib/gcc/arm-none-eabi/10.3.1/../../../../arm-none-eabi/lib/thumb/v6-m/nofp\libcr_c.a(_writebuf.o)
 .ARM.attributes
                0x000005d8       0x2c c:/nxp/mcuxpressoide_11.6.0_8187/ide/plugins/com.nxp.mcuxpresso.tools.win32_11.6.0.202112161359/tools/bin/../lib/gcc/arm-none-eabi/10.3.1/../../../../arm-none-eabi/lib/thumb/v6-m/nofp\libcr_c.a(_deferredlazyseek.o)
 .ARM.attributes
                0x00000604       0x1c c:/nxp/mcuxpressoide_11.6.0_8187/ide/plugins/com.nxp.mcuxpresso.tools.win32_11.6.0.202112161359/tools/bin/../lib/gcc/arm-none-eabi/10.3.1/thumb/v6-m/nofp\libcr_eabihelpers.a(division_32.o)
 .ARM.attributes
                0x00000620       0x1c c:/nxp/mcuxpressoide_11.6.0_8187/ide/plugins/com.nxp.mcuxpresso.tools.win32_11.6.0.202112161359/tools/bin/../lib/gcc/arm-none-eabi/10.3.1/thumb/v6-m/nofp\libcr_eabihelpers.a(division_64.o)
 .ARM.attributes
                0x0000063c       0x1c c:/nxp/mcuxpressoide_11.6.0_8187/ide/plugins/com.nxp.mcuxpresso.tools.win32_11.6.0.202112161359/tools/bin/../lib/gcc/arm-none-eabi/10.3.1/thumb/v6-m/nofp\libcr_eabihelpers.a(division_idiv0.o)
 .ARM.attributes
                0x00000658       0x1c c:/nxp/mcuxpressoide_11.6.0_8187/ide/plugins/com.nxp.mcuxpresso.tools.win32_11.6.0.202112161359/tools/bin/../lib/gcc/arm-none-eabi/10.3.1/thumb/v6-m/nofp\libcr_eabihelpers.a(memcpy.o)
 .ARM.attributes
                0x00000674       0x2c c:/nxp/mcuxpressoide_11.6.0_8187/ide/plugins/com.nxp.mcuxpresso.tools.win32_11.6.0.202112161359/tools/bin/../lib/gcc/arm-none-eabi/10.3.1/../../../../arm-none-eabi/lib/thumb/v6-m/nofp\libcr_nohost_nf.a(__ciob.o)
 .ARM.attributes
                0x000006a0       0x2c c:/nxp/mcuxpressoide_11.6.0_8187/ide/plugins/com.nxp.mcuxpresso.tools.win32_11.6.0.202112161359/tools/bin/../lib/gcc/arm-none-eabi/10.3.1/../../../../arm-none-eabi/lib/thumb/v6-m/nofp\libcr_nohost_nf.a(__sys_close.o)
 .ARM.attributes
                0x000006cc       0x2c c:/nxp/mcuxpressoide_11.6.0_8187/ide/plugins/com.nxp.mcuxpresso.tools.win32_11.6.0.202112161359/tools/bin/../lib/gcc/arm-none-eabi/10.3.1/../../../../arm-none-eabi/lib/thumb/v6-m/nofp\libcr_nohost_nf.a(__sys_flen.o)
 .ARM.attributes
                0x000006f8       0x2c c:/nxp/mcuxpressoide_11.6.0_8187/ide/plugins/com.nxp.mcuxpresso.tools.win32_11.6.0.202112161359/tools/bin/../lib/gcc/arm-none-eabi/10.3.1/../../../../arm-none-eabi/lib/thumb/v6-m/nofp\libcr_nohost_nf.a(__sys_istty.o)
 .ARM.attributes
                0x00000724       0x2c c:/nxp/mcuxpressoide_11.6.0_8187/ide/plugins/com.nxp.mcuxpresso.tools.win32_11.6.0.202112161359/tools/bin/../lib/gcc/arm-none-eabi/10.3.1/../../../../arm-none-eabi/lib/thumb/v6-m/nofp\libcr_nohost_nf.a(__sys_remove.o)
 .ARM.attributes
                0x00000750       0x2c c:/nxp/mcuxpressoide_11.6.0_8187/ide/plugins/com.nxp.mcuxpresso.tools.win32_11.6.0.202112161359/tools/bin/../lib/gcc/arm-none-eabi/10.3.1/../../../../arm-none-eabi/lib/thumb/v6-m/nofp\libcr_nohost_nf.a(__sys_seek.o)
 .ARM.attributes
                0x0000077c       0x2c c:/nxp/mcuxpressoide_11.6.0_8187/ide/plugins/com.nxp.mcuxpresso.tools.win32_11.6.0.202112161359/tools/bin/../lib/gcc/arm-none-eabi/10.3.1/../../../../arm-none-eabi/lib/thumb/v6-m/nofp\libcr_nohost_nf.a(__sys_tmpnam.o)
 .ARM.attributes
                0x000007a8       0x2c c:/nxp/mcuxpressoide_11.6.0_8187/ide/plugins/com.nxp.mcuxpresso.tools.win32_11.6.0.202112161359/tools/bin/../lib/gcc/arm-none-eabi/10.3.1/../../../../arm-none-eabi/lib/thumb/v6-m/nofp\libcr_nohost_nf.a(__sys_write.o)

.debug_frame    0x00000000     0x12e0
 .debug_frame   0x00000000       0x30 ./utilities/fsl_assert.o
 .debug_frame   0x00000030      0x190 ./utilities/fsl_debug_console.o
 .debug_frame   0x000001c0      0x3a8 ./startup/startup_lpc804.o
 .debug_frame   0x00000568       0x74 ./source/LPC804_PT6964.o
 .debug_frame   0x000005dc       0x20 ./source/semihost_hardfault.o
 .debug_frame   0x000005fc      0x228 ./drivers/fsl_clock.o
 .debug_frame   0x00000824       0x90 ./drivers/fsl_gpio.o
 .debug_frame   0x000008b4       0x70 ./drivers/fsl_reset.o
 .debug_frame   0x00000924       0x70 ./drivers/fsl_swm.o
 .debug_frame   0x00000994      0x3e8 ./drivers/fsl_usart.o
 .debug_frame   0x00000d7c       0x64 ./device/system_LPC804.o
 .debug_frame   0x00000de0       0xf0 ./component/uart/fsl_adapter_miniusart.o
 .debug_frame   0x00000ed0      0x14c ./board/PT6964.o
 .debug_frame   0x0000101c       0x50 ./board/board.o
 .debug_frame   0x0000106c       0xe0 ./board/clock_config.o
 .debug_frame   0x0000114c       0x48 ./board/peripherals.o
 .debug_frame   0x00001194      0x14c ./board/pin_mux.o

Cross Reference Table

Symbol                                            File
ADC_OVR_DriverIRQHandler                          ./startup/startup_lpc804.o
ADC_OVR_IRQHandler                                ./startup/startup_lpc804.o
ADC_SEQA_DriverIRQHandler                         ./startup/startup_lpc804.o
ADC_SEQA_IRQHandler                               ./startup/startup_lpc804.o
ADC_SEQB_DriverIRQHandler                         ./startup/startup_lpc804.o
ADC_SEQB_IRQHandler                               ./startup/startup_lpc804.o
ADC_THCMP_DriverIRQHandler                        ./startup/startup_lpc804.o
ADC_THCMP_IRQHandler                              ./startup/startup_lpc804.o
BOARD_BootClockFRO18M                             ./board/clock_config.o
BOARD_BootClockFRO24M                             ./board/clock_config.o
BOARD_BootClockFRO30M                             ./board/clock_config.o
BOARD_InitBUTTONsPins                             ./board/pin_mux.o
BOARD_InitBootClocks                              ./board/clock_config.o
                                                  ./source/LPC804_PT6964.o
BOARD_InitBootPeripherals                         ./board/peripherals.o
                                                  ./source/LPC804_PT6964.o
BOARD_InitBootPins                                ./board/pin_mux.o
                                                  ./source/LPC804_PT6964.o
BOARD_InitDEBUG_UARTPins                          ./board/pin_mux.o
BOARD_InitDebugConsole                            ./board/board.o
                                                  ./source/LPC804_PT6964.o
BOARD_InitI2CPins                                 ./board/pin_mux.o
BOARD_InitLEDsPins                                ./board/pin_mux.o
BOARD_InitPeripherals                             ./board/peripherals.o
BOARD_InitPins                                    ./board/pin_mux.o
BOARD_InitSWD_DEBUGPins                           ./board/pin_mux.o
BOD_DriverIRQHandler                              ./startup/startup_lpc804.o
BOD_IRQHandler                                    ./startup/startup_lpc804.o
CLOCK_GetClockOutClkFreq                          ./drivers/fsl_clock.o
CLOCK_GetFRG0ClkFreq                              ./drivers/fsl_clock.o
CLOCK_GetFreq                                     ./drivers/fsl_clock.o
CLOCK_GetFroFreq                                  ./drivers/fsl_clock.o
CLOCK_GetMainClkFreq                              ./drivers/fsl_clock.o
                                                  ./board/board.o
CLOCK_GetUart0ClkFreq                             ./drivers/fsl_clock.o
CLOCK_GetUart1ClkFreq                             ./drivers/fsl_clock.o
CLOCK_InitExtClkin                                ./drivers/fsl_clock.o
CLOCK_SetFRG0ClkFreq                              ./drivers/fsl_clock.o
                                                  ./board/clock_config.o
CLOCK_SetFroOscFreq                               ./drivers/fsl_clock.o
                                                  ./board/clock_config.o
CLOCK_SetMainClkSrc                               ./drivers/fsl_clock.o
                                                  ./board/clock_config.o
CMP_CAPT_DriverIRQHandler                         ./startup/startup_lpc804.o
CMP_CAPT_IRQHandler                               ./startup/startup_lpc804.o
CRP_WORD                                          ./startup/startup_lpc804.o
CTIMER0_DriverIRQHandler                          ./startup/startup_lpc804.o
CTIMER0_IRQHandler                                ./startup/startup_lpc804.o
DAC0_DriverIRQHandler                             ./startup/startup_lpc804.o
DAC0_IRQHandler                                   ./startup/startup_lpc804.o
DbgConsole_Deinit                                 ./utilities/fsl_debug_console.o
DbgConsole_Getchar                                ./utilities/fsl_debug_console.o
DbgConsole_Init                                   ./utilities/fsl_debug_console.o
                                                  ./board/board.o
DbgConsole_Printf                                 ./utilities/fsl_debug_console.o
                                                  ./utilities/fsl_assert.o
DbgConsole_Putchar                                ./utilities/fsl_debug_console.o
DbgConsole_Scanf                                  ./utilities/fsl_debug_console.o
DbgConsole_Vprintf                                ./utilities/fsl_debug_console.o
DisableDeepSleepIRQ                               ./drivers/fsl_power.o
EnableDeepSleepIRQ                                ./drivers/fsl_power.o
ExtClockIn                                        ./board/board.o
FLASH_DriverIRQHandler                            ./startup/startup_lpc804.o
FLASH_IRQHandler                                  ./startup/startup_lpc804.o
GPIO_PinInit                                      ./drivers/fsl_gpio.o
                                                  ./board/pin_mux.o
                                                  ./source/LPC804_PT6964.o
GPIO_PortInit                                     ./drivers/fsl_gpio.o
HAL_UartDeinit                                    ./component/uart/fsl_adapter_miniusart.o
                                                  ./utilities/fsl_debug_console.o
HAL_UartEnterLowpower                             ./component/uart/fsl_adapter_miniusart.o
HAL_UartExitLowpower                              ./component/uart/fsl_adapter_miniusart.o
HAL_UartInit                                      ./component/uart/fsl_adapter_miniusart.o
                                                  ./utilities/fsl_debug_console.o
HAL_UartReceiveBlocking                           ./component/uart/fsl_adapter_miniusart.o
                                                  ./utilities/fsl_debug_console.o
HAL_UartSendBlocking                              ./component/uart/fsl_adapter_miniusart.o
                                                  ./utilities/fsl_debug_console.o
HardFault_Handler                                 ./source/semihost_hardfault.o
                                                  ./startup/startup_lpc804.o
I2C0_DriverIRQHandler                             ./startup/startup_lpc804.o
I2C0_IRQHandler                                   ./startup/startup_lpc804.o
I2C1_DriverIRQHandler                             ./startup/startup_lpc804.o
I2C1_IRQHandler                                   ./startup/startup_lpc804.o
IntDefaultHandler                                 ./startup/startup_lpc804.o
MRT0_DriverIRQHandler                             ./startup/startup_lpc804.o
MRT0_IRQHandler                                   ./startup/startup_lpc804.o
NMI_Handler                                       ./startup/startup_lpc804.o
PIN_INT0_DriverIRQHandler                         ./startup/startup_lpc804.o
PIN_INT0_IRQHandler                               ./startup/startup_lpc804.o
PIN_INT1_DriverIRQHandler                         ./startup/startup_lpc804.o
PIN_INT1_IRQHandler                               ./startup/startup_lpc804.o
PIN_INT2_DriverIRQHandler                         ./startup/startup_lpc804.o
PIN_INT2_IRQHandler                               ./startup/startup_lpc804.o
PIN_INT3_DriverIRQHandler                         ./startup/startup_lpc804.o
PIN_INT3_IRQHandler                               ./startup/startup_lpc804.o
PIN_INT4_DriverIRQHandler                         ./startup/startup_lpc804.o
PIN_INT4_IRQHandler                               ./startup/startup_lpc804.o
PIN_INT5_DriverIRQHandler                         ./startup/startup_lpc804.o
PIN_INT5_IRQHandler                               ./startup/startup_lpc804.o
PIN_INT6_DriverIRQHandler                         ./startup/startup_lpc804.o
PIN_INT6_IRQHandler                               ./startup/startup_lpc804.o
PIN_INT7_DriverIRQHandler                         ./startup/startup_lpc804.o
PIN_INT7_IRQHandler                               ./startup/startup_lpc804.o
POWER_EnterDeepPowerDownMode                      ./drivers/fsl_power.o
POWER_EnterDeepSleep                              ./drivers/fsl_power.o
POWER_EnterPowerDown                              ./drivers/fsl_power.o
POWER_EnterSleep                                  ./drivers/fsl_power.o
PendSV_Handler                                    ./startup/startup_lpc804.o
RESET_PeripheralReset                             ./drivers/fsl_reset.o
                                                  ./board/board.o
                                                  ./drivers/fsl_usart.o
                                                  ./drivers/fsl_gpio.o
Reserved17_DriverIRQHandler                       ./startup/startup_lpc804.o
Reserved17_IRQHandler                             ./startup/startup_lpc804.o
Reserved21_DriverIRQHandler                       ./startup/startup_lpc804.o
Reserved21_IRQHandler                             ./startup/startup_lpc804.o
Reserved22_DriverIRQHandler                       ./startup/startup_lpc804.o
Reserved22_IRQHandler                             ./startup/startup_lpc804.o
Reserved25_DriverIRQHandler                       ./startup/startup_lpc804.o
Reserved25_IRQHandler                             ./startup/startup_lpc804.o
Reserved36_DriverIRQHandler                       ./startup/startup_lpc804.o
Reserved36_IRQHandler                             ./startup/startup_lpc804.o
Reserved37_DriverIRQHandler                       ./startup/startup_lpc804.o
Reserved37_IRQHandler                             ./startup/startup_lpc804.o
Reserved38_DriverIRQHandler                       ./startup/startup_lpc804.o
Reserved38_IRQHandler                             ./startup/startup_lpc804.o
ResetISR                                          ./startup/startup_lpc804.o
SDK_DelayAtLeastUs                                ./drivers/fsl_common_arm.o
SDK_Free                                          ./drivers/fsl_common.o
SDK_Malloc                                        ./drivers/fsl_common.o
SPI0_DriverIRQHandler                             ./startup/startup_lpc804.o
SPI0_IRQHandler                                   ./startup/startup_lpc804.o
SVC_Handler                                       ./startup/startup_lpc804.o
SWM_SetFixedMovablePinSelect                      ./drivers/fsl_swm.o
SWM_SetFixedPinSelect                             ./drivers/fsl_swm.o
                                                  ./board/pin_mux.o
SWM_SetMovablePinSelect                           ./drivers/fsl_swm.o
                                                  ./board/pin_mux.o
SysTick_DelayTicks                                ./board/PT6964.o
SysTick_Handler                                   ./board/PT6964.o
                                                  ./startup/startup_lpc804.o
SystemCoreClock                                   ./device/system_LPC804.o
                                                  ./board/clock_config.o
                                                  ./source/LPC804_PT6964.o
SystemCoreClockUpdate                             ./device/system_LPC804.o
SystemInit                                        ./device/system_LPC804.o
                                                  ./startup/startup_lpc804.o
SystemInitHook                                    ./device/system_LPC804.o
USART0_DriverIRQHandler                           ./drivers/fsl_usart.o
                                                  ./startup/startup_lpc804.o
USART0_IRQHandler                                 ./startup/startup_lpc804.o
USART1_DriverIRQHandler                           ./drivers/fsl_usart.o
                                                  ./startup/startup_lpc804.o
USART1_IRQHandler                                 ./startup/startup_lpc804.o
USART_Deinit                                      ./drivers/fsl_usart.o
                                                  ./component/uart/fsl_adapter_miniusart.o
USART_GetDefaultConfig                            ./drivers/fsl_usart.o
                                                  ./component/uart/fsl_adapter_miniusart.o
USART_GetInstance                                 ./drivers/fsl_usart.o
USART_Init                                        ./drivers/fsl_usart.o
                                                  ./component/uart/fsl_adapter_miniusart.o
USART_ReadBlocking                                ./drivers/fsl_usart.o
                                                  ./component/uart/fsl_adapter_miniusart.o
USART_SetBaudRate                                 ./drivers/fsl_usart.o
USART_TransferAbortReceive                        ./drivers/fsl_usart.o
USART_TransferAbortSend                           ./drivers/fsl_usart.o
USART_TransferCreateHandle                        ./drivers/fsl_usart.o
USART_TransferGetReceiveCount                     ./drivers/fsl_usart.o
USART_TransferGetRxRingBufferLength               ./drivers/fsl_usart.o
USART_TransferGetSendCount                        ./drivers/fsl_usart.o
USART_TransferHandleIRQ                           ./drivers/fsl_usart.o
USART_TransferReceiveNonBlocking                  ./drivers/fsl_usart.o
USART_TransferSendNonBlocking                     ./drivers/fsl_usart.o
USART_TransferStartRingBuffer                     ./drivers/fsl_usart.o
USART_TransferStopRingBuffer                      ./drivers/fsl_usart.o
USART_WriteBlocking                               ./drivers/fsl_usart.o
                                                  ./component/uart/fsl_adapter_miniusart.o
WDT_DriverIRQHandler                              ./startup/startup_lpc804.o
WDT_IRQHandler                                    ./startup/startup_lpc804.o
WKT_DriverIRQHandler                              ./startup/startup_lpc804.o
WKT_IRQHandler                                    ./startup/startup_lpc804.o
_Csys_alloc                                       c:/nxp/mcuxpressoide_11.6.0_8187/ide/plugins/com.nxp.mcuxpresso.tools.win32_11.6.0.202112161359/tools/bin/../lib/gcc/arm-none-eabi/10.3.1/../../../../arm-none-eabi/lib/thumb/v6-m/nofp\libcr_c.a(alloc.o)
                                                  c:/nxp/mcuxpressoide_11.6.0_8187/ide/plugins/com.nxp.mcuxpresso.tools.win32_11.6.0.202112161359/tools/bin/../lib/gcc/arm-none-eabi/10.3.1/../../../../arm-none-eabi/lib/thumb/v6-m/nofp\libcr_c.a(_deferredlazyseek.o)
_Cwritebuf                                        c:/nxp/mcuxpressoide_11.6.0_8187/ide/plugins/com.nxp.mcuxpresso.tools.win32_11.6.0.202112161359/tools/bin/../lib/gcc/arm-none-eabi/10.3.1/../../../../arm-none-eabi/lib/thumb/v6-m/nofp\libcr_c.a(_writebuf.o)
                                                  c:/nxp/mcuxpressoide_11.6.0_8187/ide/plugins/com.nxp.mcuxpresso.tools.win32_11.6.0.202112161359/tools/bin/../lib/gcc/arm-none-eabi/10.3.1/../../../../arm-none-eabi/lib/thumb/v6-m/nofp\libcr_c.a(_deferredlazyseek.o)
                                                  c:/nxp/mcuxpressoide_11.6.0_8187/ide/plugins/com.nxp.mcuxpresso.tools.win32_11.6.0.202112161359/tools/bin/../lib/gcc/arm-none-eabi/10.3.1/../../../../arm-none-eabi/lib/thumb/v6-m/nofp\libcr_c.a(_fflush.o)
__Ciob                                            c:/nxp/mcuxpressoide_11.6.0_8187/ide/plugins/com.nxp.mcuxpresso.tools.win32_11.6.0.202112161359/tools/bin/../lib/gcc/arm-none-eabi/10.3.1/../../../../arm-none-eabi/lib/thumb/v6-m/nofp\libcr_nohost_nf.a(__ciob.o)
                                                  c:/nxp/mcuxpressoide_11.6.0_8187/ide/plugins/com.nxp.mcuxpresso.tools.win32_11.6.0.202112161359/tools/bin/../lib/gcc/arm-none-eabi/10.3.1/../../../../arm-none-eabi/lib/thumb/v6-m/nofp\libcr_c.a(fflush.o)
                                                  c:/nxp/mcuxpressoide_11.6.0_8187/ide/plugins/com.nxp.mcuxpresso.tools.win32_11.6.0.202112161359/tools/bin/../lib/gcc/arm-none-eabi/10.3.1/../../../../arm-none-eabi/lib/thumb/v6-m/nofp\libcr_c.a(initio.o)
__Vectors                                         ./startup/startup_lpc804.o
__aeabi_idiv                                      c:/nxp/mcuxpressoide_11.6.0_8187/ide/plugins/com.nxp.mcuxpresso.tools.win32_11.6.0.202112161359/tools/bin/../lib/gcc/arm-none-eabi/10.3.1/thumb/v6-m/nofp\libcr_eabihelpers.a(division_32.o)
__aeabi_idiv0                                     c:/nxp/mcuxpressoide_11.6.0_8187/ide/plugins/com.nxp.mcuxpresso.tools.win32_11.6.0.202112161359/tools/bin/../lib/gcc/arm-none-eabi/10.3.1/thumb/v6-m/nofp\libcr_eabihelpers.a(division_idiv0.o)
                                                  c:/nxp/mcuxpressoide_11.6.0_8187/ide/plugins/com.nxp.mcuxpresso.tools.win32_11.6.0.202112161359/tools/bin/../lib/gcc/arm-none-eabi/10.3.1/thumb/v6-m/nofp\libcr_eabihelpers.a(division_64.o)
                                                  c:/nxp/mcuxpressoide_11.6.0_8187/ide/plugins/com.nxp.mcuxpresso.tools.win32_11.6.0.202112161359/tools/bin/../lib/gcc/arm-none-eabi/10.3.1/thumb/v6-m/nofp\libcr_eabihelpers.a(division_32.o)
__aeabi_idivmod                                   c:/nxp/mcuxpressoide_11.6.0_8187/ide/plugins/com.nxp.mcuxpresso.tools.win32_11.6.0.202112161359/tools/bin/../lib/gcc/arm-none-eabi/10.3.1/thumb/v6-m/nofp\libcr_eabihelpers.a(division_32.o)
__aeabi_lasr                                      c:/nxp/mcuxpressoide_11.6.0_8187/ide/plugins/com.nxp.mcuxpresso.tools.win32_11.6.0.202112161359/tools/bin/../lib/gcc/arm-none-eabi/10.3.1/thumb/v6-m/nofp\libcr_eabihelpers.a(llong.o)
__aeabi_lcmp                                      c:/nxp/mcuxpressoide_11.6.0_8187/ide/plugins/com.nxp.mcuxpresso.tools.win32_11.6.0.202112161359/tools/bin/../lib/gcc/arm-none-eabi/10.3.1/thumb/v6-m/nofp\libcr_eabihelpers.a(llong.o)
__aeabi_ldivmod                                   c:/nxp/mcuxpressoide_11.6.0_8187/ide/plugins/com.nxp.mcuxpresso.tools.win32_11.6.0.202112161359/tools/bin/../lib/gcc/arm-none-eabi/10.3.1/thumb/v6-m/nofp\libcr_eabihelpers.a(division_64.o)
__aeabi_llsl                                      c:/nxp/mcuxpressoide_11.6.0_8187/ide/plugins/com.nxp.mcuxpresso.tools.win32_11.6.0.202112161359/tools/bin/../lib/gcc/arm-none-eabi/10.3.1/thumb/v6-m/nofp\libcr_eabihelpers.a(llong.o)
__aeabi_llsr                                      c:/nxp/mcuxpressoide_11.6.0_8187/ide/plugins/com.nxp.mcuxpresso.tools.win32_11.6.0.202112161359/tools/bin/../lib/gcc/arm-none-eabi/10.3.1/thumb/v6-m/nofp\libcr_eabihelpers.a(llong.o)
__aeabi_lmul                                      c:/nxp/mcuxpressoide_11.6.0_8187/ide/plugins/com.nxp.mcuxpresso.tools.win32_11.6.0.202112161359/tools/bin/../lib/gcc/arm-none-eabi/10.3.1/thumb/v6-m/nofp\libcr_eabihelpers.a(llong.o)
                                                  ./drivers/fsl_common_arm.o
__aeabi_lowlevel_memset                           c:/nxp/mcuxpressoide_11.6.0_8187/ide/plugins/com.nxp.mcuxpresso.tools.win32_11.6.0.202112161359/tools/bin/../lib/gcc/arm-none-eabi/10.3.1/thumb/v6-m/nofp\libcr_eabihelpers.a(memcpy.o)
                                                  c:/nxp/mcuxpressoide_11.6.0_8187/ide/plugins/com.nxp.mcuxpresso.tools.win32_11.6.0.202112161359/tools/bin/../lib/gcc/arm-none-eabi/10.3.1/../../../../arm-none-eabi/lib/thumb/v6-m/nofp\libcr_c.a(memset.o)
__aeabi_memclr                                    c:/nxp/mcuxpressoide_11.6.0_8187/ide/plugins/com.nxp.mcuxpresso.tools.win32_11.6.0.202112161359/tools/bin/../lib/gcc/arm-none-eabi/10.3.1/thumb/v6-m/nofp\libcr_eabihelpers.a(memcpy.o)
__aeabi_memclr4                                   c:/nxp/mcuxpressoide_11.6.0_8187/ide/plugins/com.nxp.mcuxpresso.tools.win32_11.6.0.202112161359/tools/bin/../lib/gcc/arm-none-eabi/10.3.1/thumb/v6-m/nofp\libcr_eabihelpers.a(memcpy.o)
__aeabi_memclr8                                   c:/nxp/mcuxpressoide_11.6.0_8187/ide/plugins/com.nxp.mcuxpresso.tools.win32_11.6.0.202112161359/tools/bin/../lib/gcc/arm-none-eabi/10.3.1/thumb/v6-m/nofp\libcr_eabihelpers.a(memcpy.o)
__aeabi_memcpy                                    c:/nxp/mcuxpressoide_11.6.0_8187/ide/plugins/com.nxp.mcuxpresso.tools.win32_11.6.0.202112161359/tools/bin/../lib/gcc/arm-none-eabi/10.3.1/thumb/v6-m/nofp\libcr_eabihelpers.a(memcpy.o)
                                                  c:/nxp/mcuxpressoide_11.6.0_8187/ide/plugins/com.nxp.mcuxpresso.tools.win32_11.6.0.202112161359/tools/bin/../lib/gcc/arm-none-eabi/10.3.1/../../../../arm-none-eabi/lib/thumb/v6-m/nofp\libcr_c.a(memcpy.o)
__aeabi_memcpy4                                   c:/nxp/mcuxpressoide_11.6.0_8187/ide/plugins/com.nxp.mcuxpresso.tools.win32_11.6.0.202112161359/tools/bin/../lib/gcc/arm-none-eabi/10.3.1/thumb/v6-m/nofp\libcr_eabihelpers.a(memcpy.o)
__aeabi_memcpy8                                   c:/nxp/mcuxpressoide_11.6.0_8187/ide/plugins/com.nxp.mcuxpresso.tools.win32_11.6.0.202112161359/tools/bin/../lib/gcc/arm-none-eabi/10.3.1/thumb/v6-m/nofp\libcr_eabihelpers.a(memcpy.o)
__aeabi_memmove                                   c:/nxp/mcuxpressoide_11.6.0_8187/ide/plugins/com.nxp.mcuxpresso.tools.win32_11.6.0.202112161359/tools/bin/../lib/gcc/arm-none-eabi/10.3.1/thumb/v6-m/nofp\libcr_eabihelpers.a(memcpy.o)
__aeabi_memmove4                                  c:/nxp/mcuxpressoide_11.6.0_8187/ide/plugins/com.nxp.mcuxpresso.tools.win32_11.6.0.202112161359/tools/bin/../lib/gcc/arm-none-eabi/10.3.1/thumb/v6-m/nofp\libcr_eabihelpers.a(memcpy.o)
__aeabi_memmove8                                  c:/nxp/mcuxpressoide_11.6.0_8187/ide/plugins/com.nxp.mcuxpresso.tools.win32_11.6.0.202112161359/tools/bin/../lib/gcc/arm-none-eabi/10.3.1/thumb/v6-m/nofp\libcr_eabihelpers.a(memcpy.o)
__aeabi_memset                                    c:/nxp/mcuxpressoide_11.6.0_8187/ide/plugins/com.nxp.mcuxpresso.tools.win32_11.6.0.202112161359/tools/bin/../lib/gcc/arm-none-eabi/10.3.1/thumb/v6-m/nofp\libcr_eabihelpers.a(memcpy.o)
__aeabi_memset4                                   c:/nxp/mcuxpressoide_11.6.0_8187/ide/plugins/com.nxp.mcuxpresso.tools.win32_11.6.0.202112161359/tools/bin/../lib/gcc/arm-none-eabi/10.3.1/thumb/v6-m/nofp\libcr_eabihelpers.a(memcpy.o)
__aeabi_memset8                                   c:/nxp/mcuxpressoide_11.6.0_8187/ide/plugins/com.nxp.mcuxpresso.tools.win32_11.6.0.202112161359/tools/bin/../lib/gcc/arm-none-eabi/10.3.1/thumb/v6-m/nofp\libcr_eabihelpers.a(memcpy.o)
__aeabi_uidiv                                     c:/nxp/mcuxpressoide_11.6.0_8187/ide/plugins/com.nxp.mcuxpresso.tools.win32_11.6.0.202112161359/tools/bin/../lib/gcc/arm-none-eabi/10.3.1/thumb/v6-m/nofp\libcr_eabihelpers.a(division_32.o)
                                                  ./device/system_LPC804.o
                                                  ./drivers/fsl_usart.o
                                                  ./drivers/fsl_clock.o
                                                  ./source/LPC804_PT6964.o
                                                  ./utilities/fsl_debug_console.o
__aeabi_uidivmod                                  c:/nxp/mcuxpressoide_11.6.0_8187/ide/plugins/com.nxp.mcuxpresso.tools.win32_11.6.0.202112161359/tools/bin/../lib/gcc/arm-none-eabi/10.3.1/thumb/v6-m/nofp\libcr_eabihelpers.a(division_32.o)
__aeabi_ulcmp                                     c:/nxp/mcuxpressoide_11.6.0_8187/ide/plugins/com.nxp.mcuxpresso.tools.win32_11.6.0.202112161359/tools/bin/../lib/gcc/arm-none-eabi/10.3.1/thumb/v6-m/nofp\libcr_eabihelpers.a(llong.o)
__aeabi_uldivmod                                  c:/nxp/mcuxpressoide_11.6.0_8187/ide/plugins/com.nxp.mcuxpresso.tools.win32_11.6.0.202112161359/tools/bin/../lib/gcc/arm-none-eabi/10.3.1/thumb/v6-m/nofp\libcr_eabihelpers.a(division_64.o)
                                                  ./drivers/fsl_common_arm.o
                                                  ./drivers/fsl_clock.o
__assertion_failed                                ./utilities/fsl_assert.o
                                                  ./board/clock_config.o
                                                  ./board/board.o
                                                  ./component/uart/fsl_adapter_miniusart.o
                                                  ./drivers/fsl_usart.o