C:\Users\KDS-LTP-0415\Documents\MCUXpressoIDE_11.6.0_8187\workspace\LPC804_PotensioReading\CMSIS/core_cm0plus.h:850:22:__NVIC_SetPriority	24	static
C:\Users\KDS-LTP-0415\Documents\MCUXpressoIDE_11.6.0_8187\workspace\LPC804_PotensioReading\CMSIS/core_cm0plus.h:1058:26:SysTick_Config	16	static
C:\Users\KDS-LTP-0415\Documents\MCUXpressoIDE_11.6.0_8187\workspace\LPC804_PotensioReading\drivers/fsl_clock.h:390:20:CLOCK_Select	16	static
C:\Users\KDS-LTP-0415\Documents\MCUXpressoIDE_11.6.0_8187\workspace\LPC804_PotensioReading\drivers/fsl_clock.h:401:20:CLOCK_SetClkDivider	16	static
C:\Users\KDS-LTP-0415\Documents\MCUXpressoIDE_11.6.0_8187\workspace\LPC804_PotensioReading\drivers/fsl_adc.h:453:20:ADC_EnableConvSeqA	16	static
C:\Users\KDS-LTP-0415\Documents\MCUXpressoIDE_11.6.0_8187\workspace\LPC804_PotensioReading\drivers/fsl_adc.h:478:20:ADC_DoSoftwareTriggerConvSeqA	16	static
C:\Users\KDS-LTP-0415\Documents\MCUXpressoIDE_11.6.0_8187\workspace\LPC804_PotensioReading\drivers/fsl_power.h:152:20:POWER_DisablePD	16	static
../source/LPC804_PotensioReading.c:70:5:main	8	static
../source/LPC804_PotensioReading.c:138:13:adcInit	32	static
../source/LPC804_PotensioReading.c:182:6:SysTick_Handler	8	static
../source/LPC804_PotensioReading.c:190:6:SysTick_DelayTicks	16	static
